START test_agent_navigation.AgentNavigationTest.test_boolean_nullable_set_facts_aliases_and_multiple_causes
.END test_agent_navigation.AgentNavigationTest.test_boolean_nullable_set_facts_aliases_and_multiple_causes 0.837 pass
START test_agent_navigation.AgentNavigationTest.test_capture_rejection_never_advances_to_query
.END test_agent_navigation.AgentNavigationTest.test_capture_rejection_never_advances_to_query 0.0 pass
START test_agent_navigation.AgentNavigationTest.test_compact_read_preserves_text_authority_and_full_detail
.END test_agent_navigation.AgentNavigationTest.test_compact_read_preserves_text_authority_and_full_detail 1.939 pass
START test_agent_navigation.AgentNavigationTest.test_complete_explicit_facts_select_reviewed_modules
.END test_agent_navigation.AgentNavigationTest.test_complete_explicit_facts_select_reviewed_modules 1.621 pass
START test_agent_navigation.AgentNavigationTest.test_focused_read_continuations_are_callable_against_exact_snapshot
.END test_agent_navigation.AgentNavigationTest.test_focused_read_continuations_are_callable_against_exact_snapshot 2.555 pass
START test_agent_navigation.AgentNavigationTest.test_invalid_inputs_cannot_create_snapshot
.END test_agent_navigation.AgentNavigationTest.test_invalid_inputs_cannot_create_snapshot 0.0 pass
START test_agent_navigation.AgentNavigationTest.test_invalid_routing_values_do_not_become_negative_facts
.END test_agent_navigation.AgentNavigationTest.test_invalid_routing_values_do_not_become_negative_facts 1.657 pass
START test_agent_navigation.AgentNavigationTest.test_optional_capture_matches_explicit_route_and_preserves_unresolved
.END test_agent_navigation.AgentNavigationTest.test_optional_capture_matches_explicit_route_and_preserves_unresolved 4.151 pass
START test_agent_navigation.AgentNavigationTest.test_related_matches_native_permissions_and_projection
.END test_agent_navigation.AgentNavigationTest.test_related_matches_native_permissions_and_projection 3.365 pass
START test_agent_navigation.AgentNavigationTest.test_supplied_snapshot_never_captures_ambient_authority
.END test_agent_navigation.AgentNavigationTest.test_supplied_snapshot_never_captures_ambient_authority 1.597 pass
START test_agent_navigation.AgentNavigationTest.test_vocabulary_matches_router_and_questions_are_typed
.END test_agent_navigation.AgentNavigationTest.test_vocabulary_matches_router_and_questions_are_typed 2.738 pass
START test_agent_workflow.AgentWorkflowTest.test_analysis_rejection_retains_the_created_revision
.END test_agent_workflow.AgentWorkflowTest.test_analysis_rejection_retains_the_created_revision 2.346 pass
START test_agent_workflow.AgentWorkflowTest.test_context_is_immutable_existing_identity_and_foreign_records_reject
.END test_agent_workflow.AgentWorkflowTest.test_context_is_immutable_existing_identity_and_foreign_records_reject 4.557 pass
START test_agent_workflow.AgentWorkflowTest.test_normative_proposal_stops_at_real_pending_work
.END test_agent_workflow.AgentWorkflowTest.test_normative_proposal_stops_at_real_pending_work 17.719 pass
START test_agent_workflow.AgentWorkflowTest.test_reference_proposal_composes_analysis_without_review_or_application
.END test_agent_workflow.AgentWorkflowTest.test_reference_proposal_composes_analysis_without_review_or_application 8.105 pass
START test_agent_workflow.AgentWorkflowTest.test_review_is_explicit_and_current_authorization_is_required
.END test_agent_workflow.AgentWorkflowTest.test_review_is_explicit_and_current_authorization_is_required 12.366 pass
START test_agent_workflow.AgentWorkflowTest.test_revision_advancement_does_not_retarget_old_context
.END test_agent_workflow.AgentWorkflowTest.test_revision_advancement_does_not_retarget_old_context 19.589 pass
START test_analysis.AnalysisWorkflowTest.test_apply_create_and_retire_owns_topology_and_commit
EEND test_analysis.AnalysisWorkflowTest.test_apply_create_and_retire_owns_topology_and_commit 0.643 error
START test_analysis.AnalysisWorkflowTest.test_apply_proposal_composes_real_verification_and_cold_readback
EEND test_analysis.AnalysisWorkflowTest.test_apply_proposal_composes_real_verification_and_cold_readback 0.651 error
START test_analysis.AnalysisWorkflowTest.test_capture_compiles_live_and_frozen_sources_independently
.END test_analysis.AnalysisWorkflowTest.test_capture_compiles_live_and_frozen_sources_independently 2.461 pass
START test_analysis.AnalysisWorkflowTest.test_cold_load_rejects_obsolete_domain_contracts
.END test_analysis.AnalysisWorkflowTest.test_cold_load_rejects_obsolete_domain_contracts 0.013 pass
START test_analysis.AnalysisWorkflowTest.test_coverage_exclusions_require_exact_evidence_before_resolution
.END test_analysis.AnalysisWorkflowTest.test_coverage_exclusions_require_exact_evidence_before_resolution 2.554 pass
START test_analysis.AnalysisWorkflowTest.test_current_authorization_is_not_reused_with_material
.END test_analysis.AnalysisWorkflowTest.test_current_authorization_is_not_reused_with_material 2.55 pass
START test_analysis.AnalysisWorkflowTest.test_distinct_snapshot_roots_retain_distinct_material_and_lifecycle
.END test_analysis.AnalysisWorkflowTest.test_distinct_snapshot_roots_retain_distinct_material_and_lifecycle 4.614 pass
START test_analysis.AnalysisWorkflowTest.test_equal_transition_is_idempotent_and_different_evidence_branches
.END test_analysis.AnalysisWorkflowTest.test_equal_transition_is_idempotent_and_different_evidence_branches 3.512 pass
START test_analysis.AnalysisWorkflowTest.test_lifecycle_change_during_authorization_blocks_post_submission_evaluation
.END test_analysis.AnalysisWorkflowTest.test_lifecycle_change_during_authorization_blocks_post_submission_evaluation 2.897 pass
START test_analysis.AnalysisWorkflowTest.test_policy_free_standard_creation_enters_public_analysis
.END test_analysis.AnalysisWorkflowTest.test_policy_free_standard_creation_enters_public_analysis 4.213 pass
START test_analysis.AnalysisWorkflowTest.test_prepare_persists_parent_bound_public_work
.END test_analysis.AnalysisWorkflowTest.test_prepare_persists_parent_bound_public_work 0.854 pass
START test_analysis.AnalysisWorkflowTest.test_prior_analysis_reuses_the_same_valid_decision
.END test_analysis.AnalysisWorkflowTest.test_prior_analysis_reuses_the_same_valid_decision 2.566 pass
START test_analysis.AnalysisWorkflowTest.test_prior_decisions_reuse_material_but_recheck_each_decision
.END test_analysis.AnalysisWorkflowTest.test_prior_decisions_reuse_material_but_recheck_each_decision 2.732 pass
START test_analysis.AnalysisWorkflowTest.test_proposal_analysis_derives_inputs_and_replays_exact_revision
.END test_analysis.AnalysisWorkflowTest.test_proposal_analysis_derives_inputs_and_replays_exact_revision 12.256 pass
START test_analysis.AnalysisWorkflowTest.test_proposal_analysis_uses_one_projection_and_one_verified_base
.END test_analysis.AnalysisWorkflowTest.test_proposal_analysis_uses_one_projection_and_one_verified_base 4.425 pass
START test_analysis.AnalysisWorkflowTest.test_relationship_only_proposals_enter_a1c_and_replay_cold
.END test_analysis.AnalysisWorkflowTest.test_relationship_only_proposals_enter_a1c_and_replay_cold 21.635 pass
START test_analysis.AnalysisWorkflowTest.test_resolved_parent_work_is_not_applicable_to_child
.END test_analysis.AnalysisWorkflowTest.test_resolved_parent_work_is_not_applicable_to_child 2.473 pass
START test_analysis.AnalysisWorkflowTest.test_review_composition_publishes_readiness_for_complete_analysis
.END test_analysis.AnalysisWorkflowTest.test_review_composition_publishes_readiness_for_complete_analysis 24.67 pass
START test_analysis.AnalysisWorkflowTest.test_same_snapshot_material_is_loaded_once_per_decision_operation
.END test_analysis.AnalysisWorkflowTest.test_same_snapshot_material_is_loaded_once_per_decision_operation 2.685 pass
START test_analysis.AnalysisWorkflowTest.test_snapshot_creation_rejects_changed_replay_path_closure
.END test_analysis.AnalysisWorkflowTest.test_snapshot_creation_rejects_changed_replay_path_closure 0.013 pass
START test_analysis.AnalysisWorkflowTest.test_state_and_children_are_inspectable_in_a_fresh_process
.END test_analysis.AnalysisWorkflowTest.test_state_and_children_are_inspectable_in_a_fresh_process 3.504 pass
START test_applicability_contract.ApplicabilityContractTest.test_former_applicability_implementations_are_not_fallbacks
.END test_applicability_contract.ApplicabilityContractTest.test_former_applicability_implementations_are_not_fallbacks 0.0 pass
START test_applicability_contract.ApplicabilityContractTest.test_runtime_domains_cover_the_public_serialized_applicability_shapes
.END test_applicability_contract.ApplicabilityContractTest.test_runtime_domains_cover_the_public_serialized_applicability_shapes 0.001 pass
START test_authoring.AuthoringTests.test_application_intent_is_current_head_guarded_and_records_applied
.END test_authoring.AuthoringTests.test_application_intent_is_current_head_guarded_and_records_applied 0.037 pass
START test_authoring.AuthoringTests.test_create_and_find_are_durable_through_the_public_facade
.END test_authoring.AuthoringTests.test_create_and_find_are_durable_through_the_public_facade 2.379 pass
START test_authoring.AuthoringTests.test_create_rejects_duplicate_facets_and_validator_failure_is_atomic
.END test_authoring.AuthoringTests.test_create_rejects_duplicate_facets_and_validator_failure_is_atomic 0.003 pass
START test_authoring.AuthoringTests.test_create_translates_invalid_change_set_unicode_to_a_typed_rejection
.END test_authoring.AuthoringTests.test_create_translates_invalid_change_set_unicode_to_a_typed_rejection 0.293 pass
START test_authoring.AuthoringTests.test_discovery_rejects_a_revision_without_content_bound_authority
.END test_authoring.AuthoringTests.test_discovery_rejects_a_revision_without_content_bound_authority 0.004 pass
START test_authoring.AuthoringTests.test_discovery_rejects_the_old_revision_contract_as_unsupported
.END test_authoring.AuthoringTests.test_discovery_rejects_the_old_revision_contract_as_unsupported 0.285 pass
START test_authoring.AuthoringTests.test_proposal_discovery_uses_opaque_keyset_continuations
.END test_authoring.AuthoringTests.test_proposal_discovery_uses_opaque_keyset_continuations 0.008 pass
START test_authoring.AuthoringTests.test_proposals_follow_snapshot_quarantine_and_purge_lifecycle
.END test_authoring.AuthoringTests.test_proposals_follow_snapshot_quarantine_and_purge_lifecycle 0.005 pass
START test_authoring.AuthoringTests.test_readiness_is_content_bound_durable_and_current_head_guarded
.END test_authoring.AuthoringTests.test_readiness_is_content_bound_durable_and_current_head_guarded 0.023 pass
START test_authoring.AuthoringTests.test_readiness_rejects_incomplete_decisions_without_persistence
.END test_authoring.AuthoringTests.test_readiness_rejects_incomplete_decisions_without_persistence 0.004 pass
START test_authoring.AuthoringTests.test_readiness_rejects_invalid_proposal_commit_material
.END test_authoring.AuthoringTests.test_readiness_rejects_invalid_proposal_commit_material 0.004 pass
START test_authoring.AuthoringTests.test_revise_is_durable_and_stale_writes_leave_no_partial_record
.END test_authoring.AuthoringTests.test_revise_is_durable_and_stale_writes_leave_no_partial_record 0.617 pass
START test_authoring.AuthoringTests.test_stale_readiness_cannot_publish_application_intent
.END test_authoring.AuthoringTests.test_stale_readiness_cannot_publish_application_intent 0.011 pass
START test_coverage_publication.EngineAuditPublicationTest.test_review_verify_apply_recover_and_read_without_original_database
FEND test_coverage_publication.EngineAuditPublicationTest.test_review_verify_apply_recover_and_read_without_original_database 29.545 failure
START test_evidence_maintenance.EvidenceMaintenanceInterfaceTest.test_preview_and_overlap_preserve_working_tree_then_apply_retires
.END test_evidence_maintenance.EvidenceMaintenanceInterfaceTest.test_preview_and_overlap_preserve_working_tree_then_apply_retires 107.767 pass
START test_evidence_maintenance.EvidenceMaintenanceTest.test_consumer_registration_enters_existing_policy_owner
.END test_evidence_maintenance.EvidenceMaintenanceTest.test_consumer_registration_enters_existing_policy_owner 0.001 pass
START test_evidence_maintenance.EvidenceMaintenanceTest.test_pruning_preserves_current_claims_and_removes_stale_receipts
.END test_evidence_maintenance.EvidenceMaintenanceTest.test_pruning_preserves_current_claims_and_removes_stale_receipts 0.001 pass
START test_evidence_maintenance.EvidenceMaintenanceTest.test_registered_checker_retirement_removes_its_graph_edges
.END test_evidence_maintenance.EvidenceMaintenanceTest.test_registered_checker_retirement_removes_its_graph_edges 0.001 pass
START test_evidence_maintenance.EvidenceMaintenanceTest.test_retirement_preserves_real_dependencies_and_normative_consumers
.END test_evidence_maintenance.EvidenceMaintenanceTest.test_retirement_preserves_real_dependencies_and_normative_consumers 0.0 pass
START test_evidence_maintenance.EvidenceMaintenanceTest.test_subject_unregistration_preserves_guidance_and_retained_units
.END test_evidence_maintenance.EvidenceMaintenanceTest.test_subject_unregistration_preserves_guidance_and_retained_units 0.0 pass
START test_evidence_maintenance.EvidenceMaintenanceTest.test_unknown_retirement_does_not_mutate_authority
.END test_evidence_maintenance.EvidenceMaintenanceTest.test_unknown_retirement_does_not_mutate_authority 0.0 pass
START test_generated_contract.GeneratedContractTest.test_agent_tools_are_the_exact_compiler_projection
.END test_generated_contract.GeneratedContractTest.test_agent_tools_are_the_exact_compiler_projection 0.273 pass
START test_generated_contract.GeneratedContractTest.test_authored_examples_satisfy_the_public_contract
.END test_generated_contract.GeneratedContractTest.test_authored_examples_satisfy_the_public_contract 0.257 pass
START test_generated_contract.GeneratedContractTest.test_compiler_owns_the_complete_public_definition_closure
.END test_generated_contract.GeneratedContractTest.test_compiler_owns_the_complete_public_definition_closure 0.53 pass
START test_generated_contract.GeneratedContractTest.test_coverage_read_is_scoped_optional_and_uses_repository_authority
.END test_generated_contract.GeneratedContractTest.test_coverage_read_is_scoped_optional_and_uses_repository_authority 3.562 pass
START test_generated_contract.GeneratedContractTest.test_generated_contract_projections_are_current
.END test_generated_contract.GeneratedContractTest.test_generated_contract_projections_are_current 1.719 pass
START test_generated_contract.GeneratedContractTest.test_generated_native_models_decode_complete_v20_values
.END test_generated_contract.GeneratedContractTest.test_generated_native_models_decode_complete_v20_values 0.001 pass
START test_generated_contract.GeneratedContractTest.test_identity_fixtures_use_valid_public_handle_versions
.END test_generated_contract.GeneratedContractTest.test_identity_fixtures_use_valid_public_handle_versions 0.268 pass
START test_generated_contract.GeneratedContractTest.test_interface_operations_bind_generated_calls_results_and_facade
.END test_generated_contract.GeneratedContractTest.test_interface_operations_bind_generated_calls_results_and_facade 0.266 pass
START test_generated_contract.GeneratedContractTest.test_local_evidence_rejects_missing_files_and_wrong_digests
.END test_generated_contract.GeneratedContractTest.test_local_evidence_rejects_missing_files_and_wrong_digests 0.0 pass
START test_generated_contract.GeneratedContractTest.test_local_facade_binds_always_allow_authorization
.END test_generated_contract.GeneratedContractTest.test_local_facade_binds_always_allow_authorization 0.27 pass
START test_generated_contract.GeneratedContractTest.test_missing_verification_input_returns_a_typed_rejection
.END test_generated_contract.GeneratedContractTest.test_missing_verification_input_returns_a_typed_rejection 0.264 pass
START test_generated_contract.GeneratedContractTest.test_prepare_facade_passes_the_complete_generated_call
.END test_generated_contract.GeneratedContractTest.test_prepare_facade_passes_the_complete_generated_call 0.289 pass
START test_generated_contract.GeneratedContractTest.test_review_call_requires_exactly_three_decisions
.END test_generated_contract.GeneratedContractTest.test_review_call_requires_exactly_three_decisions 0.001 pass
START test_generated_contract.GeneratedContractTest.test_router_read_exposes_editable_definitions_only_when_requested
.END test_generated_contract.GeneratedContractTest.test_router_read_exposes_editable_definitions_only_when_requested 8.889 pass
START test_generated_contract.GeneratedContractTest.test_verification_is_exposed_without_publication_and_refresh_is_explicit
.END test_generated_contract.GeneratedContractTest.test_verification_is_exposed_without_publication_and_refresh_is_explicit 0.279 pass
START test_logical_authoring.LogicalAuthoringTests.test_change_set_is_immutable_and_normalized_before_compilation
.END test_logical_authoring.LogicalAuthoringTests.test_change_set_is_immutable_and_normalized_before_compilation 0.0 pass
START test_logical_authoring.LogicalAuthoringTests.test_compiler_projects_module_relationships_through_current_owners
.END test_logical_authoring.LogicalAuthoringTests.test_compiler_projects_module_relationships_through_current_owners 0.913 pass
START test_logical_authoring.LogicalAuthoringTests.test_compiler_revises_one_registered_policy_and_derives_analysis_input
.END test_logical_authoring.LogicalAuthoringTests.test_compiler_revises_one_registered_policy_and_derives_analysis_input 0.874 pass
START test_logical_authoring.LogicalAuthoringTests.test_create_nested_standard_and_route_atomically
.END test_logical_authoring.LogicalAuthoringTests.test_create_nested_standard_and_route_atomically 1.432 pass
START test_logical_authoring.LogicalAuthoringTests.test_create_standard_hides_all_required_repository_projections
.END test_logical_authoring.LogicalAuthoringTests.test_create_standard_hides_all_required_repository_projections 1.963 pass
START test_logical_authoring.LogicalAuthoringTests.test_created_standard_can_be_retired_with_complete_explicit_closure
.END test_logical_authoring.LogicalAuthoringTests.test_created_standard_can_be_retired_with_complete_explicit_closure 4.121 pass
START test_logical_authoring.LogicalAuthoringTests.test_duplicate_route_target_rejected
.END test_logical_authoring.LogicalAuthoringTests.test_duplicate_route_target_rejected 0.206 pass
START test_logical_authoring.LogicalAuthoringTests.test_fact_presentation_and_value_order_preserve_semantic_revision
.END test_logical_authoring.LogicalAuthoringTests.test_fact_presentation_and_value_order_preserve_semantic_revision 0.869 pass
START test_logical_authoring.LogicalAuthoringTests.test_fact_revision_and_referenced_removal_are_validated
.END test_logical_authoring.LogicalAuthoringTests.test_fact_revision_and_referenced_removal_are_validated 1.773 pass
START test_logical_authoring.LogicalAuthoringTests.test_move_preserves_identity_and_relocates_relationship_authority
.END test_logical_authoring.LogicalAuthoringTests.test_move_preserves_identity_and_relocates_relationship_authority 1.433 pass
START test_logical_authoring.LogicalAuthoringTests.test_new_fact_and_rule_compile_together_and_unused_fact_can_be_removed
.END test_logical_authoring.LogicalAuthoringTests.test_new_fact_and_rule_compile_together_and_unused_fact_can_be_removed 2.025 pass
START test_logical_authoring.LogicalAuthoringTests.test_noop_and_cyclic_relationship_changes_are_typed
.END test_logical_authoring.LogicalAuthoringTests.test_noop_and_cyclic_relationship_changes_are_typed 0.769 pass
START test_logical_authoring.LogicalAuthoringTests.test_null_applicability_is_unsupported_by_toml_authority
.END test_logical_authoring.LogicalAuthoringTests.test_null_applicability_is_unsupported_by_toml_authority 0.0 pass
START test_logical_authoring.LogicalAuthoringTests.test_opaque_consumer_handle_is_snapshot_bound
.END test_logical_authoring.LogicalAuthoringTests.test_opaque_consumer_handle_is_snapshot_bound 0.92 pass
START test_logical_authoring.LogicalAuthoringTests.test_policy_relationship_put_and_remove_replay_cumulatively
.END test_logical_authoring.LogicalAuthoringTests.test_policy_relationship_put_and_remove_replay_cumulatively 4.399 pass
START test_logical_authoring.LogicalAuthoringTests.test_retired_standard_successor_must_survive_the_final_program
.END test_logical_authoring.LogicalAuthoringTests.test_retired_standard_successor_must_survive_the_final_program 3.457 pass
START test_logical_authoring.LogicalAuthoringTests.test_retirement_requires_and_applies_complete_relationship_dispositions
.END test_logical_authoring.LogicalAuthoringTests.test_retirement_requires_and_applies_complete_relationship_dispositions 2.53 pass
START test_logical_authoring.LogicalAuthoringTests.test_route_targets_can_be_swapped_in_one_atomic_change
.END test_logical_authoring.LogicalAuthoringTests.test_route_targets_can_be_swapped_in_one_atomic_change 0.921 pass
START test_logical_authoring.LogicalAuthoringTests.test_rule_update_and_removal_keep_readable_and_executable_routes_in_sync
.END test_logical_authoring.LogicalAuthoringTests.test_rule_update_and_removal_keep_readable_and_executable_routes_in_sync 1.831 pass
START test_logical_authoring.LogicalAuthoringTests.test_supporting_records_and_withdrawal_use_the_final_candidate
.END test_logical_authoring.LogicalAuthoringTests.test_supporting_records_and_withdrawal_use_the_final_candidate 4.355 pass
START test_logical_authoring.LogicalAuthoringTests.test_unknown_route_fact_is_rejected_without_changing_base
.END test_logical_authoring.LogicalAuthoringTests.test_unknown_route_fact_is_rejected_without_changing_base 0.785 pass
START test_logical_authoring.LogicalAuthoringTests.test_verified_compiled_base_is_reused_but_candidate_compiles
.END test_logical_authoring.LogicalAuthoringTests.test_verified_compiled_base_is_reused_but_candidate_compiles 1.596 pass
START test_logical_authoring.LogicalAuthoringTests.test_whole_module_rescope_preserves_identity_and_explicit_meaning
.END test_logical_authoring.LogicalAuthoringTests.test_whole_module_rescope_preserves_identity_and_explicit_meaning 1.087 pass
START test_logical_authoring.LogicalAuthoringTests.test_whole_standard_revision_requires_companion_policy_semantics
.END test_logical_authoring.LogicalAuthoringTests.test_whole_standard_revision_requires_companion_policy_semantics 1.856 pass
START test_mcp.MCPTest.test_application_failure_diagnostic_omits_private_exception
.END test_mcp.MCPTest.test_application_failure_diagnostic_omits_private_exception 0.002 pass
START test_mcp.MCPTest.test_authoring_description_carries_exact_contract_without_type_rendering
.END test_mcp.MCPTest.test_authoring_description_carries_exact_contract_without_type_rendering 0.131 pass
START test_mcp.MCPTest.test_authoring_inputs_expose_structure_and_preserve_recursive_validation
.END test_mcp.MCPTest.test_authoring_inputs_expose_structure_and_preserve_recursive_validation 0.018 pass
START test_mcp.MCPTest.test_catalog_schemas_validate_authored_examples_and_resolve_refs
.END test_mcp.MCPTest.test_catalog_schemas_validate_authored_examples_and_resolve_refs 1.785 pass
START test_mcp.MCPTest.test_default_catalog_focuses_navigation_and_workflows
.END test_mcp.MCPTest.test_default_catalog_focuses_navigation_and_workflows 0.013 pass
START test_mcp.MCPTest.test_default_guidance_uses_available_recovery_tools
.END test_mcp.MCPTest.test_default_guidance_uses_available_recovery_tools 0.008 pass
START test_mcp.MCPTest.test_input_projection_preserves_reference_siblings
.END test_mcp.MCPTest.test_input_projection_preserves_reference_siblings 0.0 pass
START test_mcp.MCPTest.test_internal_failure_is_tool_error_without_retry
.END test_mcp.MCPTest.test_internal_failure_is_tool_error_without_retry 0.021 pass
START test_mcp.MCPTest.test_lifecycle_and_protocol_errors_never_open_engine
.END test_mcp.MCPTest.test_lifecycle_and_protocol_errors_never_open_engine 0.01 pass
START test_mcp.MCPTest.test_module_stdio_launch_from_unrelated_working_directory
.END test_mcp.MCPTest.test_module_stdio_launch_from_unrelated_working_directory 1.974 pass
START test_mcp.MCPTest.test_parse_errors_and_notifications_keep_stream_synchronized
.END test_mcp.MCPTest.test_parse_errors_and_notifications_keep_stream_synchronized 0.01 pass
START test_mcp.MCPTest.test_preserves_typed_outcomes_and_never_retries
.END test_mcp.MCPTest.test_preserves_typed_outcomes_and_never_retries 0.013 pass
START test_mcp.MCPTest.test_real_snapshot_read_and_validation_through_server
.END test_mcp.MCPTest.test_real_snapshot_read_and_validation_through_server 3.756 pass
START test_navigation.NavigationTest.test_development_proportionality_routes_directly_and_before_planning
.END test_navigation.NavigationTest.test_development_proportionality_routes_directly_and_before_planning 1.637 pass
START test_navigation.NavigationTest.test_live_worktree_mutation_cannot_change_snapshot_reads
EEND test_navigation.NavigationTest.test_live_worktree_mutation_cannot_change_snapshot_reads 0.161 error
START test_navigation.NavigationTest.test_proposal_creation_returns_typed_failure_for_invalid_projected_content
.END test_navigation.NavigationTest.test_proposal_creation_returns_typed_failure_for_invalid_projected_content 2.478 pass
START test_navigation.NavigationTest.test_proposal_query_projects_every_request_from_an_exact_revision
.END test_navigation.NavigationTest.test_proposal_query_projects_every_request_from_an_exact_revision 13.959 pass
START test_navigation.NavigationTest.test_read_related_and_inspect_share_the_snapshot_root
.END test_navigation.NavigationTest.test_read_related_and_inspect_share_the_snapshot_root 3.27 pass
START test_navigation.NavigationTest.test_route_selects_direct_modules_and_required_closure
.END test_navigation.NavigationTest.test_route_selects_direct_modules_and_required_closure 0.824 pass
START test_navigation.NavigationTest.test_unknown_and_invalid_route_facts_have_typed_results
.END test_navigation.NavigationTest.test_unknown_and_invalid_route_facts_have_typed_results 1.613 pass
START test_navigation_indexes.NavigationIndexAuthorityTest.test_absent_catalog_exposes_no_authoring_capability
.END test_navigation_indexes.NavigationIndexAuthorityTest.test_absent_catalog_exposes_no_authoring_capability 0.0 pass
START test_navigation_indexes.NavigationIndexAuthorityTest.test_bad_catalog_and_non_utf8_content_are_typed_rejections
.END test_navigation_indexes.NavigationIndexAuthorityTest.test_bad_catalog_and_non_utf8_content_are_typed_rejections 0.0 pass
START test_navigation_indexes.NavigationIndexAuthorityTest.test_declared_routes_bind_their_owner_content_and_exact_declarations
.END test_navigation_indexes.NavigationIndexAuthorityTest.test_declared_routes_bind_their_owner_content_and_exact_declarations 0.0 pass
START test_navigation_indexes.NavigationIndexAuthorityTest.test_old_captured_index_without_route_inventory_remains_readable
.END test_navigation_indexes.NavigationIndexAuthorityTest.test_old_captured_index_without_route_inventory_remains_readable 0.0 pass
START test_navigation_indexes.NavigationIndexAuthorityTest.test_registration_cannot_make_a_normative_standard_writable
.END test_navigation_indexes.NavigationIndexAuthorityTest.test_registration_cannot_make_a_normative_standard_writable 0.0 pass
START test_navigation_indexes.NavigationIndexAuthorityTest.test_review_fingerprint_binds_destination_authority_without_inventing_policy_changes
.END test_navigation_indexes.NavigationIndexAuthorityTest.test_review_fingerprint_binds_destination_authority_without_inventing_policy_changes 0.0 pass
START test_navigation_indexes.NavigationIndexWorkflowTest.test_cross_snapshot_handle_is_not_an_authorization_to_retarget
.END test_navigation_indexes.NavigationIndexWorkflowTest.test_cross_snapshot_handle_is_not_an_authorization_to_retarget 5.618 pass
START test_navigation_indexes.NavigationIndexWorkflowTest.test_discovery_captures_exact_content_without_claiming_policy_authority
.END test_navigation_indexes.NavigationIndexWorkflowTest.test_discovery_captures_exact_content_without_claiming_policy_authority 1.731 pass
START test_navigation_indexes.NavigationIndexWorkflowTest.test_fresh_mcp_process_exposes_snapshot_bound_navigation
.END test_navigation_indexes.NavigationIndexWorkflowTest.test_fresh_mcp_process_exposes_snapshot_bound_navigation 3.031 pass
START test_navigation_indexes.NavigationIndexWorkflowTest.test_invalid_selections_do_not_create_an_applicable_candidate
.END test_navigation_indexes.NavigationIndexWorkflowTest.test_invalid_selections_do_not_create_an_applicable_candidate 4.921 pass
START test_navigation_indexes.NavigationIndexWorkflowTest.test_retarget_dispositions_cannot_remove_unrelated_assertions
.END test_navigation_indexes.NavigationIndexWorkflowTest.test_retarget_dispositions_cannot_remove_unrelated_assertions 4.823 pass
START test_navigation_indexes.NavigationIndexWorkflowTest.test_z_exact_index_proposal_requires_review_and_applies_through_engine
.END test_navigation_indexes.NavigationIndexWorkflowTest.test_z_exact_index_proposal_requires_review_and_applies_through_engine 98.853 pass
START test_navigation_indexes.ProtectedNavigationIndexTest.test_declared_routes_reject_omitted_owners_and_unsupported_artifacts
.END test_navigation_indexes.ProtectedNavigationIndexTest.test_declared_routes_reject_omitted_owners_and_unsupported_artifacts 4.898 pass
START test_navigation_indexes.ProtectedNavigationIndexTest.test_z_declared_sections_survive_verified_index_application
.END test_navigation_indexes.ProtectedNavigationIndexTest.test_z_declared_sections_survive_verified_index_application 56.664 pass
START test_platform_harness.PlatformHarnessTest.test_closed_store_round_trip_uses_public_operations
.END test_platform_harness.PlatformHarnessTest.test_closed_store_round_trip_uses_public_operations 12.231 pass
START test_platform_harness.PlatformHarnessTest.test_concurrent_probe_rejects_mismatched_content
.END test_platform_harness.PlatformHarnessTest.test_concurrent_probe_rejects_mismatched_content 0.001 pass
START test_platform_harness.PlatformHarnessTest.test_consume_rejects_changed_store_before_open
.END test_platform_harness.PlatformHarnessTest.test_consume_rejects_changed_store_before_open 0.0 pass
START test_purpose_projection.PurposeProjectionTest.test_authoring_read_retrieves_reasoning_and_exposure_state
.END test_purpose_projection.PurposeProjectionTest.test_authoring_read_retrieves_reasoning_and_exposure_state 1.892 pass
START test_purpose_projection.PurposeProjectionTest.test_catalog_has_no_authoring_schema_closure
.END test_purpose_projection.PurposeProjectionTest.test_catalog_has_no_authoring_schema_closure 0.003 pass
START test_purpose_projection.PurposeProjectionTest.test_direct_hidden_read_and_privileged_request_are_bounded
.END test_purpose_projection.PurposeProjectionTest.test_direct_hidden_read_and_privileged_request_are_bounded 0.784 pass
START test_purpose_projection.PurposeProjectionTest.test_domain_and_facade_admit_only_application_operations_before_work
.END test_purpose_projection.PurposeProjectionTest.test_domain_and_facade_admit_only_application_operations_before_work 0.414 pass
START test_purpose_projection.PurposeProjectionTest.test_hidden_intermediate_cannot_bridge_a_permitted_traversal
.END test_purpose_projection.PurposeProjectionTest.test_hidden_intermediate_cannot_bridge_a_permitted_traversal 0.001 pass
START test_purpose_projection.PurposeProjectionTest.test_invalid_host_purpose_creates_no_store
.END test_purpose_projection.PurposeProjectionTest.test_invalid_host_purpose_creates_no_store 0.0 pass
START test_purpose_projection.PurposeProjectionTest.test_material_change_requires_new_exposure_but_rationale_change_does_not
.END test_purpose_projection.PurposeProjectionTest.test_material_change_requires_new_exposure_but_rationale_change_does_not 0.385 pass
START test_purpose_projection.PurposeProjectionTest.test_native_query_and_handle_inspection_use_the_same_boundary
.END test_purpose_projection.PurposeProjectionTest.test_native_query_and_handle_inspection_use_the_same_boundary 2.77 pass
START test_purpose_projection.PurposeProjectionTest.test_read_has_exact_reviewed_content_and_explicit_permitted_fields
.END test_purpose_projection.PurposeProjectionTest.test_read_has_exact_reviewed_content_and_explicit_permitted_fields 1.871 pass
START test_purpose_projection.PurposeProjectionTest.test_router_presentation_change_requires_explicit_renewal
.END test_purpose_projection.PurposeProjectionTest.test_router_presentation_change_requires_explicit_renewal 0.236 pass
START test_purpose_projection.PurposeProjectionTest.test_routing_retains_unknown_facts_and_blocks_missing_required_content
.END test_purpose_projection.PurposeProjectionTest.test_routing_retains_unknown_facts_and_blocks_missing_required_content 2.792 pass
START test_purpose_projection.PurposeProjectionTest.test_unexpected_observation_failure_returns_no_private_context
.END test_purpose_projection.PurposeProjectionTest.test_unexpected_observation_failure_returns_no_private_context 0.898 pass
START test_purpose_projection.PurposeProjectionTest.test_unsupported_capture_is_preserved_and_classified
.END test_purpose_projection.PurposeProjectionTest.test_unsupported_capture_is_preserved_and_classified 2.612 pass
START test_purpose_projection.PurposeProjectionTest.test_whole_module_discovers_references_owned_by_its_policy_units
.END test_purpose_projection.PurposeProjectionTest.test_whole_module_discovers_references_owned_by_its_policy_units 0.003 pass
START test_purpose_transport.PurposeTransportTest.test_actual_stdio_has_qualified_catalog_and_identical_result_encodings
.END test_purpose_transport.PurposeTransportTest.test_actual_stdio_has_qualified_catalog_and_identical_result_encodings 4.343 pass
START test_purpose_transport.PurposeTransportTest.test_cli_catalog_schema_example_and_denial_share_the_purpose
.END test_purpose_transport.PurposeTransportTest.test_cli_catalog_schema_example_and_denial_share_the_purpose 8.321 pass
START test_purpose_transport.PurposeTransportTest.test_default_capture_reads_accepted_main_instead_of_unpublished_head
.END test_purpose_transport.PurposeTransportTest.test_default_capture_reads_accepted_main_instead_of_unpublished_head 4.08 pass
START test_purpose_transport.PurposeTransportTest.test_two_cold_processes_preserve_exact_application_read
.END test_purpose_transport.PurposeTransportTest.test_two_cold_processes_preserve_exact_application_read 9.928 pass
START test_rendering.TextRenderingTest.test_application_purpose_is_distinct_from_authoring_publication
.END test_rendering.TextRenderingTest.test_application_purpose_is_distinct_from_authoring_publication 0.0 pass
START test_rendering.TextRenderingTest.test_coverage_projection_preserves_subject_and_status
.END test_rendering.TextRenderingTest.test_coverage_projection_preserves_subject_and_status 0.0 pass
START test_rendering.TextRenderingTest.test_navigation_indexes_preserve_authority_and_exact_content
.END test_rendering.TextRenderingTest.test_navigation_indexes_preserve_authority_and_exact_content 0.0 pass
START test_rendering.TextRenderingTest.test_pending_projection_is_deterministic_and_work_focused
.END test_rendering.TextRenderingTest.test_pending_projection_is_deterministic_and_work_focused 0.0 pass
START test_rendering.TextRenderingTest.test_projected_navigation_renders_revision_authority
.END test_rendering.TextRenderingTest.test_projected_navigation_renders_revision_authority 0.0 pass
START test_rendering.TextRenderingTest.test_proposal_projection_exposes_only_opaque_handles
.END test_rendering.TextRenderingTest.test_proposal_projection_exposes_only_opaque_handles 0.0 pass
START test_rendering.TextRenderingTest.test_proposal_review_renders_only_opaque_authority
.END test_rendering.TextRenderingTest.test_proposal_review_renders_only_opaque_authority 0.0 pass
START test_rendering.TextRenderingTest.test_rejection_projection_accepts_the_generated_result_type
.END test_rendering.TextRenderingTest.test_rejection_projection_accepts_the_generated_result_type 0.0 pass
START test_rendering.TextRenderingTest.test_unknown_result_variant_is_a_programming_error
.END test_rendering.TextRenderingTest.test_unknown_result_variant_is_a_programming_error 0.0 pass
START test_rendering.TextRenderingTest.test_verification_projection_preserves_revision_and_diagnostic_identity
.END test_rendering.TextRenderingTest.test_verification_projection_preserves_revision_and_diagnostic_identity 0.0 pass
START test_supporting_workflow.SupportingWorkflowTest.test_coordinated_publication_and_provenance_only_revision
.END test_supporting_workflow.SupportingWorkflowTest.test_coordinated_publication_and_provenance_only_revision 188.031 pass

======================================================================
ERROR: test_apply_create_and_retire_owns_topology_and_commit (test_analysis.AnalysisWorkflowTest.test_apply_create_and_retire_owns_topology_and_commit)
----------------------------------------------------------------------
Traceback (most recent call last):
  File "/mnt/data/pse-performance-work/Coding-Standards/docs/plans/purpose-separated-standards-engine/reports/standards-engine-performance-report/measurement-tools/run_timed_suite.py", line 36, in timed
    try:return _fn(self,*args,**kwargs)
               ~~~^^^^^^^^^^^^^^^^^^^^^
  File "/usr/lib/python3.13/unittest/case.py", line 606, in _callTestMethod
    if method() is not None:
       ~~~~~~^^
  File "/mnt/data/pse-performance-work/candidate-tests/tools/standards_engine/tests/test_analysis.py", line 599, in test_apply_create_and_retire_owns_topology_and_commit
    initial = engine._repository.branch_revision("main")
  File "/mnt/data/pse-performance-work/candidate-tests/tools/repository_git/repository_git/repository.py", line 217, in branch_revision
    return self._revision(f"refs/heads/{branch}^{{commit}}")
           ~~~~~~~~~~~~~~^^^^^^^^^^^^^^^^^^^^^^^^^^^^^^^^^^^
  File "/mnt/data/pse-performance-work/candidate-tests/tools/repository_git/repository_git/repository.py", line 664, in _revision
    output = git_output(
        self._repository,
        ("rev-parse", "--verify", "--end-of-options", revision),
        max_output_bytes=256,
    )
  File "/mnt/data/pse-performance-work/candidate-tests/tools/repository_git/repository_git/repository.py", line 105, in git_output
    raise unavailable(
    ...<2 lines>...
    )
tools.repository_git.repository_git.errors.GitRepositoryError: REPOSITORY_GIT.COMMAND_UNAVAILABLE: Git exited with 128: fatal: Needed a single revision

======================================================================
ERROR: test_apply_proposal_composes_real_verification_and_cold_readback (test_analysis.AnalysisWorkflowTest.test_apply_proposal_composes_real_verification_and_cold_readback)
----------------------------------------------------------------------
Traceback (most recent call last):
  File "/mnt/data/pse-performance-work/Coding-Standards/docs/plans/purpose-separated-standards-engine/reports/standards-engine-performance-report/measurement-tools/run_timed_suite.py", line 36, in timed
    try:return _fn(self,*args,**kwargs)
               ~~~^^^^^^^^^^^^^^^^^^^^^
  File "/usr/lib/python3.13/unittest/case.py", line 606, in _callTestMethod
    if method() is not None:
       ~~~~~~^^
  File "/mnt/data/pse-performance-work/candidate-tests/tools/standards_engine/tests/test_analysis.py", line 315, in test_apply_proposal_composes_real_verification_and_cold_readback
    expected = engine._repository.branch_revision("main")
  File "/mnt/data/pse-performance-work/candidate-tests/tools/repository_git/repository_git/repository.py", line 217, in branch_revision
    return self._revision(f"refs/heads/{branch}^{{commit}}")
           ~~~~~~~~~~~~~~^^^^^^^^^^^^^^^^^^^^^^^^^^^^^^^^^^^
  File "/mnt/data/pse-performance-work/candidate-tests/tools/repository_git/repository_git/repository.py", line 664, in _revision
    output = git_output(
        self._repository,
        ("rev-parse", "--verify", "--end-of-options", revision),
        max_output_bytes=256,
    )
  File "/mnt/data/pse-performance-work/candidate-tests/tools/repository_git/repository_git/repository.py", line 105, in git_output
    raise unavailable(
    ...<2 lines>...
    )
tools.repository_git.repository_git.errors.GitRepositoryError: REPOSITORY_GIT.COMMAND_UNAVAILABLE: Git exited with 128: fatal: Needed a single revision

======================================================================
ERROR: test_live_worktree_mutation_cannot_change_snapshot_reads (test_navigation.NavigationTest.test_live_worktree_mutation_cannot_change_snapshot_reads)
----------------------------------------------------------------------
Traceback (most recent call last):
  File "/mnt/data/pse-performance-work/Coding-Standards/docs/plans/purpose-separated-standards-engine/reports/standards-engine-performance-report/measurement-tools/run_timed_suite.py", line 36, in timed
    try:return _fn(self,*args,**kwargs)
               ~~~^^^^^^^^^^^^^^^^^^^^^
  File "/usr/lib/python3.13/unittest/case.py", line 606, in _callTestMethod
    if method() is not None:
       ~~~~~~^^
  File "/mnt/data/pse-performance-work/candidate-tests/tools/standards_engine/tests/test_navigation.py", line 297, in test_live_worktree_mutation_cannot_change_snapshot_reads
    snapshot = created.snapshot.snapshot
               ^^^^^^^^^^^^^^^^
AttributeError: 'RejectedResult' object has no attribute 'snapshot'

======================================================================
FAIL: test_review_verify_apply_recover_and_read_without_original_database (test_coverage_publication.EngineAuditPublicationTest.test_review_verify_apply_recover_and_read_without_original_database)
----------------------------------------------------------------------
Traceback (most recent call last):
  File "/mnt/data/pse-performance-work/Coding-Standards/docs/plans/purpose-separated-standards-engine/reports/standards-engine-performance-report/measurement-tools/run_timed_suite.py", line 36, in timed
    try:return _fn(self,*args,**kwargs)
               ~~~^^^^^^^^^^^^^^^^^^^^^
AssertionError: 'rejected-result' != 'create-snapshot-result'
- rejected-result
+ create-snapshot-result
 : {'kind': 'rejected-result', 'code': 'REPOSITORY_GIT.COMMAND_UNAVAILABLE', 'outcome': 'unavailable', 'message': 'Git exited with 128: fatal: Needed a single revision', 'details': {}, 'next_operations': []}

----------------------------------------------------------------------
Ran 166 tests in 918.980s

FAILED (failures=1, errors=3)
