test_directory_and_frozen_sources_produce_equal_corpora (test_metadata.StandardsMetadataTest.test_directory_and_frozen_sources_produce_equal_corpora) ... ok
test_frozen_source_rejects_missing_and_contradictory_paths (test_metadata.StandardsMetadataTest.test_frozen_source_rejects_missing_and_contradictory_paths) ... ok
test_identity_owner_and_relation_failures_are_typed (test_metadata.StandardsMetadataTest.test_identity_owner_and_relation_failures_are_typed) ... ok
test_loads_immutable_corpus_and_resolves_id_and_path (test_metadata.StandardsMetadataTest.test_loads_immutable_corpus_and_resolves_id_and_path) ... ok
test_long_acyclic_relation_chain_is_iterative (test_metadata.StandardsMetadataTest.test_long_acyclic_relation_chain_is_iterative) ... ok
test_malformed_manifest_missing_member_and_symlink_escape_are_typed (test_metadata.StandardsMetadataTest.test_malformed_manifest_missing_member_and_symlink_escape_are_typed) ... ok
test_manifest_schema_and_member_paths_are_strict (test_metadata.StandardsMetadataTest.test_manifest_schema_and_member_paths_are_strict) ... ok
test_recording_source_rejects_content_that_changes_during_one_load (test_metadata.StandardsMetadataTest.test_recording_source_rejects_content_that_changes_during_one_load) ... ok
test_relation_cycles_are_distinguished (test_metadata.StandardsMetadataTest.test_relation_cycles_are_distinguished) ... ok
test_single_module_loader_returns_neutral_failure (test_metadata.StandardsMetadataTest.test_single_module_loader_returns_neutral_failure) ... ok
test_combined_corpus_resolves_modules_and_policy_units_from_one_snapshot (test_policy_units.PolicyUnitTest.test_combined_corpus_resolves_modules_and_policy_units_from_one_snapshot) ... ok
test_identity_conflicts_and_legacy_ids_are_rejected (test_policy_units.PolicyUnitTest.test_identity_conflicts_and_legacy_ids_are_rejected) ... ok
test_locator_must_resolve_exactly_once (test_policy_units.PolicyUnitTest.test_locator_must_resolve_exactly_once) ... ok
test_nested_policy_unit_locators_are_rejected_as_overlapping (test_policy_units.PolicyUnitTest.test_nested_policy_unit_locators_are_rejected_as_overlapping) ... ok
test_repository_seed_resolves_exact_heading_and_module_path (test_policy_units.PolicyUnitTest.test_repository_seed_resolves_exact_heading_and_module_path) ... ok
test_rewrapping_changes_representation_not_structure (test_policy_units.PolicyUnitTest.test_rewrapping_changes_representation_not_structure) ... ok
test_split_lifecycle_requires_reciprocal_tombstone_and_predecessors (test_policy_units.PolicyUnitTest.test_split_lifecycle_requires_reciprocal_tombstone_and_predecessors) ... ok
test_tombstone_successors_use_policy_identity_rules (test_policy_units.PolicyUnitTest.test_tombstone_successors_use_policy_identity_rules) ... ok
test_two_active_ids_cannot_own_the_same_locator (test_policy_units.PolicyUnitTest.test_two_active_ids_cannot_own_the_same_locator) ... ok
test_unmapped_projection_excludes_exact_policy_unit_scope (test_policy_units.PolicyUnitTest.test_unmapped_projection_excludes_exact_policy_unit_scope) ... ok
test_dependency_cycle_is_rejected (test_suite_inputs.SuiteInputManifestTest.test_dependency_cycle_is_rejected) ... ok
test_loads_validated_manifest_and_derives_transitive_projection (test_suite_inputs.SuiteInputManifestTest.test_loads_validated_manifest_and_derives_transitive_projection) ... ok
test_stale_input_is_rejected (test_suite_inputs.SuiteInputManifestTest.test_stale_input_is_rejected) ... ok
test_transitive_suite_change_updates_selected_fingerprint (test_suite_inputs.SuiteInputManifestTest.test_transitive_suite_change_updates_selected_fingerprint) ... ok
test_unrelated_suite_change_preserves_selected_fingerprint (test_suite_inputs.SuiteInputManifestTest.test_unrelated_suite_change_preserves_selected_fingerprint) ... ok
test_binding_controls_current_and_stale_states (test_supporting_content.SupportingContentTest.test_binding_controls_current_and_stale_states) ... ok
test_empty_registration_is_an_honest_unreviewed_state (test_supporting_content.SupportingContentTest.test_empty_registration_is_an_honest_unreviewed_state) ... ok
test_historical_claim_has_reference_shape_and_preserves_unicode (test_supporting_content.SupportingContentTest.test_historical_claim_has_reference_shape_and_preserves_unicode) ... ok
test_supersession_uses_retained_distinct_records (test_supporting_content.SupportingContentTest.test_supersession_uses_retained_distinct_records) ... ok
test_unknown_history_does_not_require_a_fabricated_reason (test_supporting_content.SupportingContentTest.test_unknown_history_does_not_require_a_fabricated_reason) ... ok
test_unsupported_capture_does_not_become_an_empty_manifest (test_supporting_content.SupportingContentTest.test_unsupported_capture_does_not_become_an_empty_manifest) ... ok

----------------------------------------------------------------------
Ran 31 tests in 0.492s

OK
