test_normalize_path_accepts_exact_and_prefix_paths (test_decision_traceability.DecisionTraceabilityTest.test_normalize_path_accepts_exact_and_prefix_paths) ... ok
test_normalize_path_rejects_escaping_or_ambiguous_paths (test_decision_traceability.DecisionTraceabilityTest.test_normalize_path_rejects_escaping_or_ambiguous_paths) ... ok
test_reviewed_isolated_git_contract (test_decision_traceability.DecisionTraceabilityTest.test_reviewed_isolated_git_contract) ... ok
test_all_validates_unrelated_malformed_suite (test_engine.EngineTest.test_all_validates_unrelated_malformed_suite) ... ok
test_cli_formats_preserve_assertion_exit_classification (test_engine.EngineTest.test_cli_formats_preserve_assertion_exit_classification) ... ok
test_cli_json_preserves_typed_diagnostics (test_engine.EngineTest.test_cli_json_preserves_typed_diagnostics) ... ok
test_cli_list_does_not_parse_suite_bodies (test_engine.EngineTest.test_cli_list_does_not_parse_suite_bodies) ... ok
test_complete_runs_the_full_python_suite_catalog (test_engine.EngineTest.test_complete_runs_the_full_python_suite_catalog) ... ok
test_complete_supports_structured_json_output (test_engine.EngineTest.test_complete_supports_structured_json_output) ... ok
test_contained_path_accepts_missing_directory_and_valid_symlink (test_engine.EngineTest.test_contained_path_accepts_missing_directory_and_valid_symlink) ... ok
test_contained_path_rejects_parent_and_symlink_escape (test_engine.EngineTest.test_contained_path_rejects_parent_and_symlink_escape) ... ok
test_dependency_cycle_is_invalid (test_engine.EngineTest.test_dependency_cycle_is_invalid) ... ok
test_dependency_diamond_executes_each_suite_once (test_engine.EngineTest.test_dependency_diamond_executes_each_suite_once) ... ok
test_dependency_graph_resolves_registered_suite_ids_and_paths (test_engine.EngineTest.test_dependency_graph_resolves_registered_suite_ids_and_paths) ... ok
test_dependency_order_does_not_depend_on_registry_order (test_engine.EngineTest.test_dependency_order_does_not_depend_on_registry_order) ... ok
test_engine_errors_derive_exit_status_from_the_typed_outcome (test_engine.EngineTest.test_engine_errors_derive_exit_status_from_the_typed_outcome) ... ok
test_focused_selection_ignores_unrelated_malformed_suite (test_engine.EngineTest.test_focused_selection_ignores_unrelated_malformed_suite) ... ok
test_focused_selection_validates_malformed_dependency (test_engine.EngineTest.test_focused_selection_validates_malformed_dependency) ... ok
test_malformed_toml_is_invalid (test_engine.EngineTest.test_malformed_toml_is_invalid) ... ok
test_missing_evidence_is_unavailable (test_engine.EngineTest.test_missing_evidence_is_unavailable) ... ok
test_parent_path_and_symlink_escape_are_invalid (test_engine.EngineTest.test_parent_path_and_symlink_escape_are_invalid) ... ok
test_repository_path_preserves_contained_path_lexical_contract (test_engine.EngineTest.test_repository_path_preserves_contained_path_lexical_contract) ... ok
test_unknown_check_field_is_invalid (test_engine.EngineTest.test_unknown_check_field_is_invalid) ... ok
test_navigation_contract_accepts_rewording_but_requires_real_links (test_file_contracts.FileContractsTest.test_navigation_contract_accepts_rewording_but_requires_real_links) ... ok
test_archived_ref_must_resolve_to_exact_commit (test_git_reachability.GitReachabilityTest.test_archived_ref_must_resolve_to_exact_commit) ... ok
test_discard_requires_exact_authority_record (test_git_reachability.GitReachabilityTest.test_discard_requires_exact_authority_record) ... ok
test_duplicate_oid_is_rejected (test_git_reachability.GitReachabilityTest.test_duplicate_oid_is_rejected) ... ok
test_legacy_ref_suffix_dispositions_are_rejected (test_git_reachability.GitReachabilityTest.test_legacy_ref_suffix_dispositions_are_rejected) ... ok
test_malformed_oid_is_rejected (test_git_reachability.GitReachabilityTest.test_malformed_oid_is_rejected) ... ok
test_malformed_reference_is_invalid (test_git_reachability.GitReachabilityTest.test_malformed_reference_is_invalid) ... ok
test_manifest_path_cannot_escape_repository (test_git_reachability.GitReachabilityTest.test_manifest_path_cannot_escape_repository) ... ok
test_public_entrypoint_renders_unavailable_git_failure (test_git_reachability.GitReachabilityTest.test_public_entrypoint_renders_unavailable_git_failure) ... ok
test_repository_identity_ignores_ambient_git_overrides (test_git_reachability.GitReachabilityTest.test_repository_identity_ignores_ambient_git_overrides) ... ok
test_retained_ref_accepts_an_ancestor (test_git_reachability.GitReachabilityTest.test_retained_ref_accepts_an_ancestor) ... ok
test_retained_ref_rejects_unreachable_commit (test_git_reachability.GitReachabilityTest.test_retained_ref_rejects_unreachable_commit) ... ok
test_unavailable_git_is_a_typed_reachability_failure (test_git_reachability.GitReachabilityTest.test_unavailable_git_is_a_typed_reachability_failure) ... ok
test_unknown_reference_is_distinct (test_git_reachability.GitReachabilityTest.test_unknown_reference_is_distinct) ... ok
test_applicability_and_exclusion_cannot_both_be_none (test_metadata.MetadataGraphTest.test_applicability_and_exclusion_cannot_both_be_none) ... ok
test_canonical_owner_must_equal_normalized_path (test_metadata.MetadataGraphTest.test_canonical_owner_must_equal_normalized_path) ... ok
test_config_requires_exactly_one_mode (test_metadata.MetadataGraphTest.test_config_requires_exactly_one_mode) ... ok
test_cross_relation_cycle_is_reported (test_metadata.MetadataGraphTest.test_cross_relation_cycle_is_reported) ... ok
test_duplicate_module_ids_are_rejected (test_metadata.MetadataGraphTest.test_duplicate_module_ids_are_rejected) ... ok
test_field_count_is_exact (test_metadata.MetadataGraphTest.test_field_count_is_exact) ... ok
test_fixture_corpus_compares_exact_diagnostic_sequences (test_metadata.MetadataGraphTest.test_fixture_corpus_compares_exact_diagnostic_sequences) ... ok
test_fixture_corpus_mismatch_is_typed (test_metadata.MetadataGraphTest.test_fixture_corpus_mismatch_is_typed) ... ok
test_metadata_adapter_resolves_ids_paths_and_named_groups (test_metadata.MetadataGraphTest.test_metadata_adapter_resolves_ids_paths_and_named_groups) ... ok
test_missing_input_is_unavailable (test_metadata.MetadataGraphTest.test_missing_input_is_unavailable) ... ok
test_module_id_role_and_level_domains_are_typed (test_metadata.MetadataGraphTest.test_module_id_role_and_level_domains_are_typed) ... ok
test_prose_is_preserved_and_must_not_be_empty (test_metadata.MetadataGraphTest.test_prose_is_preserved_and_must_not_be_empty) ... ok
test_relation_grammar_rejects_empty_and_mixed_none_items (test_metadata.MetadataGraphTest.test_relation_grammar_rejects_empty_and_mixed_none_items) ... ok
test_relation_targets_must_be_unique (test_metadata.MetadataGraphTest.test_relation_targets_must_be_unique) ... ok
test_requires_cycle_and_combined_cycle_are_reported (test_metadata.MetadataGraphTest.test_requires_cycle_and_combined_cycle_are_reported) ... ok
test_role_specific_level_is_enforced (test_metadata.MetadataGraphTest.test_role_specific_level_is_enforced) ... ok
test_self_edges_and_specialization_role_are_rejected (test_metadata.MetadataGraphTest.test_self_edges_and_specialization_role_are_rejected) ... ok
test_specialization_cycle_and_combined_cycle_are_reported (test_metadata.MetadataGraphTest.test_specialization_cycle_and_combined_cycle_are_reported) ... ok
test_symbolic_values_require_one_backticked_token (test_metadata.MetadataGraphTest.test_symbolic_values_require_one_backticked_token) ... ok
test_unresolved_targets_are_rejected (test_metadata.MetadataGraphTest.test_unresolved_targets_are_rejected) ... ok
test_valid_module_and_profile_graph_passes (test_metadata.MetadataGraphTest.test_valid_module_and_profile_graph_passes) ... ok
test_direct_module_mutation_fails (test_metadata_route.MetadataRouteTest.test_direct_module_mutation_fails) ... ok
test_exact_direct_modules_and_graph_closure_pass (test_metadata_route.MetadataRouteTest.test_exact_direct_modules_and_graph_closure_pass) ... ok
test_expectation_case_coverage_is_exact (test_metadata_route.MetadataRouteTest.test_expectation_case_coverage_is_exact) ... ok
test_requires_closure_mutation_fails (test_metadata_route.MetadataRouteTest.test_requires_closure_mutation_fails) ... ok
test_unresolved_route_cannot_claim_resolved_selection (test_metadata_route.MetadataRouteTest.test_unresolved_route_cannot_claim_resolved_selection) ... ok
test_invalid_fixtures_preserve_diagnostics (test_plan_contract.PlanContractTest.test_invalid_fixtures_preserve_diagnostics) ... ok
test_parser_rejects_unknown_and_contradictory_configuration (test_plan_contract.PlanContractTest.test_parser_rejects_unknown_and_contradictory_configuration) ... ok
test_valid_fixtures_pass (test_plan_contract.PlanContractTest.test_valid_fixtures_pass) ... ok
test_adapter_queries_compiled_registry_in_deterministic_consumer_order (test_policy_impact.PolicyImpactTest.test_adapter_queries_compiled_registry_in_deterministic_consumer_order) ... ok
test_compiler_owns_relation_target_compatibility (test_policy_impact.PolicyImpactTest.test_compiler_owns_relation_target_compatibility) ... ok
test_current_commit_graph_has_complete_alias_and_suite_closure (test_policy_impact.PolicyImpactTest.test_current_commit_graph_has_complete_alias_and_suite_closure) ... ok
test_current_planning_graph_has_explicit_consumer_and_alias_closure (test_policy_impact.PolicyImpactTest.test_current_planning_graph_has_explicit_consumer_and_alias_closure) ... ok
test_custom_manifest_has_no_implicit_coverage_authority (test_policy_impact.PolicyImpactTest.test_custom_manifest_has_no_implicit_coverage_authority) ... ok
test_old_policy_query_and_bespoke_graph_files_are_absent (test_policy_impact.PolicyImpactTest.test_old_policy_query_and_bespoke_graph_files_are_absent) ... ok
test_registered_loader_consumes_engine_coverage_authority (test_policy_impact.PolicyImpactTest.test_registered_loader_consumes_engine_coverage_authority) ... ok
test_registered_loader_translates_compiler_failure (test_policy_impact.PolicyImpactTest.test_registered_loader_translates_compiler_failure) ... ok
test_rejects_unknown_owner_and_evidence_owner (test_policy_impact.PolicyImpactTest.test_rejects_unknown_owner_and_evidence_owner) ... ok
test_uncovered_owner_query_is_typed_unavailable (test_policy_impact.PolicyImpactTest.test_uncovered_owner_query_is_typed_unavailable) ... ok
test_arbitrary_attributes_do_not_imply_import_machinery (test_python_package_contract.PythonPackageContractTest.test_arbitrary_attributes_do_not_imply_import_machinery) ... ok
test_assignment_rhs_precedes_module_and_class_target_binding (test_python_package_contract.PythonPackageContractTest.test_assignment_rhs_precedes_module_and_class_target_binding) ... ok
test_assignment_targets_bind_from_left_to_right (test_python_package_contract.PythonPackageContractTest.test_assignment_targets_bind_from_left_to_right) ... ok
test_augmented_assignment_loads_bound_target_before_store (test_python_package_contract.PythonPackageContractTest.test_augmented_assignment_loads_bound_target_before_store) ... ok
test_class_comprehension_does_not_close_over_class_sys_binding (test_python_package_contract.PythonPackageContractTest.test_class_comprehension_does_not_close_over_class_sys_binding) ... ok
test_complete_conditional_benign_binding_is_preserved (test_python_package_contract.PythonPackageContractTest.test_complete_conditional_benign_binding_is_preserved) ... ok
test_comprehension_targets_are_benign_lexical_bindings (test_python_package_contract.PythonPackageContractTest.test_comprehension_targets_are_benign_lexical_bindings) ... ok
test_conditional_binding_does_not_hide_builtin_capability (test_python_package_contract.PythonPackageContractTest.test_conditional_binding_does_not_hide_builtin_capability) ... ok
test_conditional_deletion_may_restore_builtin_capability (test_python_package_contract.PythonPackageContractTest.test_conditional_deletion_may_restore_builtin_capability) ... ok
test_conditional_sys_alias_retains_possible_capability (test_python_package_contract.PythonPackageContractTest.test_conditional_sys_alias_retains_possible_capability) ... ok
test_conditional_sys_alias_retains_provenance_in_nested_scope (test_python_package_contract.PythonPackageContractTest.test_conditional_sys_alias_retains_provenance_in_nested_scope) ... ok
test_deleted_module_binding_restores_builtin_capability (test_python_package_contract.PythonPackageContractTest.test_deleted_module_binding_restores_builtin_capability) ... ok
test_dependency_and_source_ownership_are_exact (test_python_package_contract.PythonPackageContractTest.test_dependency_and_source_ownership_are_exact) ... ok
test_entrypoint_executes_declared_operation_instead_of_help (test_python_package_contract.PythonPackageContractTest.test_entrypoint_executes_declared_operation_instead_of_help) ... ok
test_exact_public_import_and_dependency_closure_pass (test_python_package_contract.PythonPackageContractTest.test_exact_public_import_and_dependency_closure_pass) ... ok
test_exception_alias_is_a_benign_binding_inside_its_handler (test_python_package_contract.PythonPackageContractTest.test_exception_alias_is_a_benign_binding_inside_its_handler) ... ok
test_exception_alias_is_unbound_after_its_handler (test_python_package_contract.PythonPackageContractTest.test_exception_alias_is_unbound_after_its_handler) ... ok
test_fixture_construction_failure_is_a_typed_finding (test_python_package_contract.PythonPackageContractTest.test_fixture_construction_failure_is_a_typed_finding) ... ok
test_indexed_copy_excludes_untracked_ambient_files (test_python_package_contract.PythonPackageContractTest.test_indexed_copy_excludes_untracked_ambient_files) ... ok
test_indexed_copy_uses_staged_bytes_not_worktree_bytes (test_python_package_contract.PythonPackageContractTest.test_indexed_copy_uses_staged_bytes_not_worktree_bytes) ... ok
test_later_class_binding_does_not_hide_sys_modules_bypass (test_python_package_contract.PythonPackageContractTest.test_later_class_binding_does_not_hide_sys_modules_bypass) ... ok
test_later_module_binding_does_not_hide_builtin_capability_access (test_python_package_contract.PythonPackageContractTest.test_later_module_binding_does_not_hide_builtin_capability_access) ... ok
test_loaded_name_inside_assignment_target_is_not_a_binding (test_python_package_contract.PythonPackageContractTest.test_loaded_name_inside_assignment_target_is_not_a_binding) ... ok
test_method_does_not_close_over_class_sys_binding (test_python_package_contract.PythonPackageContractTest.test_method_does_not_close_over_class_sys_binding) ... ok
test_private_child_and_unexported_root_name_are_distinct (test_python_package_contract.PythonPackageContractTest.test_private_child_and_unexported_root_name_are_distinct) ... ok
test_public_execution_failure_is_distinct (test_python_package_contract.PythonPackageContractTest.test_public_execution_failure_is_distinct) ... ok
test_shadowed_capability_names_are_not_treated_as_import_machinery (test_python_package_contract.PythonPackageContractTest.test_shadowed_capability_names_are_not_treated_as_import_machinery) ... ok
test_simple_sys_alias_retains_capability_provenance (test_python_package_contract.PythonPackageContractTest.test_simple_sys_alias_retains_capability_provenance) ... ok
test_star_and_dynamic_import_bypasses_are_rejected (test_python_package_contract.PythonPackageContractTest.test_star_and_dynamic_import_bypasses_are_rejected) ... ok
test_supported_branch_exits_preserve_possible_unbinding (test_python_package_contract.PythonPackageContractTest.test_supported_branch_exits_preserve_possible_unbinding) ... ok
test_sys_modules_import_capability_bypass_is_rejected (test_python_package_contract.PythonPackageContractTest.test_sys_modules_import_capability_bypass_is_rejected) ... ok
test_verifier_git_fixtures_ignore_ambient_repository_overrides (test_python_package_contract.PythonPackageContractTest.test_verifier_git_fixtures_ignore_ambient_repository_overrides) ... ok
test_canonical_cli_uses_the_complete_repository_composition (test_repository_graph.RepositoryGraphTest.test_canonical_cli_uses_the_complete_repository_composition) ... ok
test_every_corpus_member_resolves_by_id_and_path (test_repository_graph.RepositoryGraphTest.test_every_corpus_member_resolves_by_id_and_path) ... ok
test_existing_unregistered_artifact_returns_empty_incidence (test_repository_graph.RepositoryGraphTest.test_existing_unregistered_artifact_returns_empty_incidence) ... ok
test_metadata_edges_exactly_match_canonical_document_relations (test_repository_graph.RepositoryGraphTest.test_metadata_edges_exactly_match_canonical_document_relations) ... ok
test_one_artifact_reports_edges_from_independent_registered_sources (test_repository_graph.RepositoryGraphTest.test_one_artifact_reports_edges_from_independent_registered_sources) ... ok
test_previously_unselected_normative_and_reference_aliases_resolve (test_repository_graph.RepositoryGraphTest.test_previously_unselected_normative_and_reference_aliases_resolve) ... ok
test_repository_composition_registers_every_migrated_group (test_repository_graph.RepositoryGraphTest.test_repository_composition_registers_every_migrated_group) ... ok
test_suite_id_and_path_report_policy_and_dependency_edges (test_repository_graph.RepositoryGraphTest.test_suite_id_and_path_report_policy_and_dependency_edges) ... ok
test_markdown_destination_coverage_missing_target_is_unavailable (test_routing_checks.RoutingChecksTest.test_markdown_destination_coverage_missing_target_is_unavailable) ... ok
test_markdown_destination_coverage_preserves_anchor_identity (test_routing_checks.RoutingChecksTest.test_markdown_destination_coverage_preserves_anchor_identity) ... ok
test_markdown_destination_coverage_rejects_escape_and_external (test_routing_checks.RoutingChecksTest.test_markdown_destination_coverage_rejects_escape_and_external) ... ok
test_markdown_link_coverage_ignores_external_and_reference_links (test_routing_checks.RoutingChecksTest.test_markdown_link_coverage_ignores_external_and_reference_links) ... ok
test_markdown_link_coverage_matches_exact_destinations (test_routing_checks.RoutingChecksTest.test_markdown_link_coverage_matches_exact_destinations) ... ok
test_markdown_link_coverage_missing_member_is_unavailable (test_routing_checks.RoutingChecksTest.test_markdown_link_coverage_missing_member_is_unavailable) ... ok
test_markdown_link_coverage_normalizes_local_targets (test_routing_checks.RoutingChecksTest.test_markdown_link_coverage_normalizes_local_targets) ... ok
test_markdown_link_coverage_preserves_markdown_input_diagnostics (test_routing_checks.RoutingChecksTest.test_markdown_link_coverage_preserves_markdown_input_diagnostics) ... ok
test_markdown_link_coverage_rejects_empty_and_duplicate_members (test_routing_checks.RoutingChecksTest.test_markdown_link_coverage_rejects_empty_and_duplicate_members) ... ok
test_markdown_link_coverage_rejects_empty_projection (test_routing_checks.RoutingChecksTest.test_markdown_link_coverage_rejects_empty_projection) ... ok
test_markdown_link_coverage_rejects_escaping_link (test_routing_checks.RoutingChecksTest.test_markdown_link_coverage_rejects_escaping_link) ... ok
test_markdown_link_coverage_rejects_unknown_field (test_routing_checks.RoutingChecksTest.test_markdown_link_coverage_rejects_unknown_field) ... ok
test_markdown_link_coverage_rejects_unknown_identity (test_routing_checks.RoutingChecksTest.test_markdown_link_coverage_rejects_unknown_identity) ... ok
test_markdown_link_coverage_reports_each_missing_member (test_routing_checks.RoutingChecksTest.test_markdown_link_coverage_reports_each_missing_member) ... ok
test_markdown_link_coverage_requires_one_projected_column (test_routing_checks.RoutingChecksTest.test_markdown_link_coverage_requires_one_projected_column) ... ok
test_markdown_links_absolute_target_is_invalid (test_routing_checks.RoutingChecksTest.test_markdown_links_absolute_target_is_invalid) ... ok
test_markdown_links_accept_nested_fragments_and_external_targets (test_routing_checks.RoutingChecksTest.test_markdown_links_accept_nested_fragments_and_external_targets) ... ok
test_markdown_links_accept_projected_members (test_routing_checks.RoutingChecksTest.test_markdown_links_accept_projected_members) ... ok
test_markdown_links_invalid_utf8_is_invalid (test_routing_checks.RoutingChecksTest.test_markdown_links_invalid_utf8_is_invalid) ... ok
test_markdown_links_missing_source_is_unavailable (test_routing_checks.RoutingChecksTest.test_markdown_links_missing_source_is_unavailable) ... ok
test_markdown_links_missing_target_is_unavailable (test_routing_checks.RoutingChecksTest.test_markdown_links_missing_target_is_unavailable) ... ok
test_markdown_links_parent_escape_is_invalid (test_routing_checks.RoutingChecksTest.test_markdown_links_parent_escape_is_invalid) ... ok
test_markdown_links_paths_must_be_non_empty_and_unique (test_routing_checks.RoutingChecksTest.test_markdown_links_paths_must_be_non_empty_and_unique) ... ok
test_markdown_links_reject_paths_and_members_together (test_routing_checks.RoutingChecksTest.test_markdown_links_reject_paths_and_members_together) ... ok
test_markdown_links_symlink_escape_is_invalid (test_routing_checks.RoutingChecksTest.test_markdown_links_symlink_escape_is_invalid) ... ok
test_markdown_links_unknown_field_is_invalid (test_routing_checks.RoutingChecksTest.test_markdown_links_unknown_field_is_invalid) ... ok
test_contradictory_cross_check_states_are_typed (test_suite_inputs.SuiteInputProjectionTest.test_contradictory_cross_check_states_are_typed) ... ok
test_explicit_repository_paths_use_the_canonical_projection_owner (test_suite_inputs.SuiteInputProjectionTest.test_explicit_repository_paths_use_the_canonical_projection_owner) ... ok
test_freshness_binds_suite_and_input_bytes (test_suite_inputs.SuiteInputProjectionTest.test_freshness_binds_suite_and_input_bytes) ... ok
test_missing_required_present_input_is_rejected (test_suite_inputs.SuiteInputProjectionTest.test_missing_required_present_input_is_rejected) ... ok
test_present_absence_assertion_is_rejected (test_suite_inputs.SuiteInputProjectionTest.test_present_absence_assertion_is_rejected) ... ok
test_projection_distinguishes_content_and_absence (test_suite_inputs.SuiteInputProjectionTest.test_projection_distinguishes_content_and_absence) ... ok
test_repository_index_membership_changes_projection_identity (test_suite_inputs.SuiteInputProjectionTest.test_repository_index_membership_changes_projection_identity) ... ok
test_repository_projection_covers_every_parsed_check_adapter (test_suite_inputs.SuiteInputProjectionTest.test_repository_projection_covers_every_parsed_check_adapter) ... ok
test_written_projection_is_canonical_json (test_suite_inputs.SuiteInputProjectionTest.test_written_projection_is_canonical_json) ... ok
test_written_projection_rejects_stale_registry (test_suite_inputs.SuiteInputProjectionTest.test_written_projection_rejects_stale_registry) ... ok
test_written_projection_rejects_stale_repository_index (test_suite_inputs.SuiteInputProjectionTest.test_written_projection_rejects_stale_repository_index) ... ok
test_written_projection_rejects_stale_suite_definition (test_suite_inputs.SuiteInputProjectionTest.test_written_projection_rejects_stale_suite_definition) ... ok
test_written_projection_rejects_tracked_membership_removal (test_suite_inputs.SuiteInputProjectionTest.test_written_projection_rejects_tracked_membership_removal) ... ok
test_written_projection_rejects_transitive_input_mutation (test_suite_inputs.SuiteInputProjectionTest.test_written_projection_rejects_transitive_input_mutation) ... ok

----------------------------------------------------------------------
Ran 156 tests in 24.647s

OK
STALE evaluation/standards-effectiveness/generated/suite-inputs.json
STALE evaluation/standards-effectiveness/generated/suite-inputs.json
STALE evaluation/standards-effectiveness/generated/suite-inputs.json
STALE evaluation/standards-effectiveness/generated/suite-inputs.json
STALE evaluation/standards-effectiveness/generated/suite-inputs.json
STALE evaluation/standards-effectiveness/generated/suite-inputs.json
