test_exact_and_group_traversal_require_explicit_direction (test_cli.CliTest.test_exact_and_group_traversal_require_explicit_direction) ... ok
test_hostile_control_characters_are_rejected_not_emitted (test_cli.CliTest.test_hostile_control_characters_are_rejected_not_emitted) ... ok
test_list_groups_is_deterministic (test_cli.CliTest.test_list_groups_is_deterministic) ... ok
test_node_query_reports_identity_direction_groups_metadata_and_provenance (test_cli.CliTest.test_node_query_reports_identity_direction_groups_metadata_and_provenance) ... ok
test_transitive_group_query_reports_explanatory_path (test_cli.CliTest.test_transitive_group_query_reports_explanatory_path) ... ok
test_unknown_group_fails_for_unconnected_artifact_queries (test_cli.CliTest.test_unknown_group_fails_for_unconnected_artifact_queries) ... ok
test_caller_can_explicitly_register_one_selected_manifest (test_manifest.ManifestTest.test_caller_can_explicitly_register_one_selected_manifest) ... ok
test_registered_manifest_loads_nodes_groups_edges_and_provenance (test_manifest.ManifestTest.test_registered_manifest_loads_nodes_groups_edges_and_provenance) ... ok
test_registered_provider_contributes_and_unregistered_provider_does_not (test_manifest.ManifestTest.test_registered_provider_contributes_and_unregistered_provider_does_not) ... ok
test_strict_schema_rejects_unknown_fields (test_manifest.ManifestTest.test_strict_schema_rejects_unknown_fields) ... ok
test_unknown_source_kind_and_mismatched_identity_are_rejected (test_manifest.ManifestTest.test_unknown_source_kind_and_mismatched_identity_are_rejected) ... ok
test_unregistered_manifest_file_contributes_nothing (test_manifest.ManifestTest.test_unregistered_manifest_file_contributes_nothing) ... ok
test_closed_projection_round_trips_every_graph_record (test_projection.GraphProjectionTest.test_closed_projection_round_trips_every_graph_record) ... ok
test_compatible_cross_source_node_declarations_merge_once (test_registry.EdgeRegistryTest.test_compatible_cross_source_node_declarations_merge_once) ... ok
test_contradictory_aliases_and_duplicate_artifact_nodes_are_rejected (test_registry.EdgeRegistryTest.test_contradictory_aliases_and_duplicate_artifact_nodes_are_rejected) ... ok
test_dependency_order_is_dependency_first_and_honors_preferred_ties (test_registry.EdgeRegistryTest.test_dependency_order_is_dependency_first_and_honors_preferred_ties) ... ok
test_duplicate_ids_dangling_endpoints_and_invalid_groups_are_rejected (test_registry.EdgeRegistryTest.test_duplicate_ids_dangling_endpoints_and_invalid_groups_are_rejected) ... ok
test_edge_can_belong_to_multiple_groups_without_duplication (test_registry.EdgeRegistryTest.test_edge_can_belong_to_multiple_groups_without_duplication) ... ok
test_exact_edge_traversal_follows_only_selected_edge (test_registry.EdgeRegistryTest.test_exact_edge_traversal_follows_only_selected_edge) ... ok
test_existing_unconnected_artifact_returns_empty_result (test_registry.EdgeRegistryTest.test_existing_unconnected_artifact_returns_empty_result) ... ok
test_explicit_logical_artifacts_remove_filesystem_dependency (test_registry.EdgeRegistryTest.test_explicit_logical_artifacts_remove_filesystem_dependency) ... ok
test_explicitly_permitted_transitive_traversal_terminates_cycle (test_registry.EdgeRegistryTest.test_explicitly_permitted_transitive_traversal_terminates_cycle) ... ok
test_group_filter_excludes_edges_outside_selected_group (test_registry.EdgeRegistryTest.test_group_filter_excludes_edges_outside_selected_group) ... ok
test_group_traversal_follows_only_eligible_group_edges (test_registry.EdgeRegistryTest.test_group_traversal_follows_only_eligible_group_edges) ... ok
test_incoming_outgoing_and_incident_queries_are_directional (test_registry.EdgeRegistryTest.test_incoming_outgoing_and_incident_queries_are_directional) ... ok
test_logical_and_path_aliases_resolve_to_the_same_node_and_edges (test_registry.EdgeRegistryTest.test_logical_and_path_aliases_resolve_to_the_same_node_and_edges) ... ok
test_long_dependency_chain_and_cycle_do_not_use_python_recursion (test_registry.EdgeRegistryTest.test_long_dependency_chain_and_cycle_do_not_use_python_recursion) ... ok
test_missing_artifact_and_unknown_logical_node_are_distinct (test_registry.EdgeRegistryTest.test_missing_artifact_and_unknown_logical_node_are_distinct) ... ok
test_one_declaration_is_discoverable_from_both_endpoints (test_registry.EdgeRegistryTest.test_one_declaration_is_discoverable_from_both_endpoints) ... ok
test_provenance_is_retained_on_queries_and_traversal (test_registry.EdgeRegistryTest.test_provenance_is_retained_on_queries_and_traversal) ... ok
test_provider_cannot_misstate_authoritative_provenance (test_registry.EdgeRegistryTest.test_provider_cannot_misstate_authoritative_provenance) ... ok
test_repository_and_symlink_escape_are_rejected (test_registry.EdgeRegistryTest.test_repository_and_symlink_escape_are_rejected) ... ok
test_result_order_is_independent_of_declaration_order (test_registry.EdgeRegistryTest.test_result_order_is_independent_of_declaration_order) ... ok
test_transitive_traversal_is_rejected_by_default (test_registry.EdgeRegistryTest.test_transitive_traversal_is_rejected_by_default) ... ok
test_unknown_group_and_edge_return_typed_failures (test_registry.EdgeRegistryTest.test_unknown_group_and_edge_return_typed_failures) ... ok
test_unknown_group_is_rejected_for_unconnected_artifact (test_registry.EdgeRegistryTest.test_unknown_group_is_rejected_for_unconnected_artifact) ... ok
test_unregistered_sources_contribute_no_edges (test_registry.EdgeRegistryTest.test_unregistered_sources_contribute_no_edges) ... ok

----------------------------------------------------------------------
Ran 37 tests in 0.214s

OK
