test_canonical_schema_and_interface_have_one_exact_public_closure (test_compiler.ContractCompilerTest.test_canonical_schema_and_interface_have_one_exact_public_closure) ... ok
test_dialect_keyword_pattern_and_alias_profile_is_closed (test_compiler.ContractCompilerTest.test_dialect_keyword_pattern_and_alias_profile_is_closed) ... ok
test_inputs_are_copied_before_compilation (test_compiler.ContractCompilerTest.test_inputs_are_copied_before_compilation) ... ok
test_interface_and_schema_roots_must_agree_exactly (test_compiler.ContractCompilerTest.test_interface_and_schema_roots_must_agree_exactly) ... ok
test_operation_catalog_is_authoritative_and_duplicate_dispatch_is_rejected (test_compiler.ContractCompilerTest.test_operation_catalog_is_authoritative_and_duplicate_dispatch_is_rejected) ... ok
test_operation_variants_preserve_submission_capability_coverage (test_compiler.ContractCompilerTest.test_operation_variants_preserve_submission_capability_coverage) ... ok
test_unreachable_missing_and_remote_references_have_typed_outcomes (test_compiler.ContractCompilerTest.test_unreachable_missing_and_remote_references_have_typed_outcomes) ... ok
test_variant_has_its_own_closed_roots_and_immutable_selection (test_compiler.OperationVariantTest.test_variant_has_its_own_closed_roots_and_immutable_selection) ... ok
test_variant_rejects_unknown_definitions_fields_and_duplicate_results (test_compiler.OperationVariantTest.test_variant_rejects_unknown_definitions_fields_and_duplicate_results) ... ok
test_isolated_environment_uses_the_exact_selected_runtime (test_dependency_resolution.DependencyResolutionTest.test_isolated_environment_uses_the_exact_selected_runtime) ... skipped 'dependency lock admits CPython 3.11 and 3.12 only'
test_lock_contains_only_the_reviewed_exact_artifacts (test_dependency_resolution.DependencyResolutionTest.test_lock_contains_only_the_reviewed_exact_artifacts) ... ok
test_manifest_declares_only_the_two_direct_dependencies (test_dependency_resolution.DependencyResolutionTest.test_manifest_declares_only_the_two_direct_dependencies) ... ok
test_agent_tools_derive_every_operation_and_reachable_definition (test_projection.ContractProjectionTest.test_agent_tools_derive_every_operation_and_reachable_definition) ... ok
test_every_admitted_projection_keyword_has_a_feature_local_mutation (test_projection.ContractProjectionTest.test_every_admitted_projection_keyword_has_a_feature_local_mutation) ... ok
test_feature_local_mutations_change_projection_without_default_injection (test_projection.ContractProjectionTest.test_feature_local_mutations_change_projection_without_default_injection) ... ok
test_generated_models_are_immutable_complete_and_validator_backed (test_projection.ContractProjectionTest.test_generated_models_are_immutable_complete_and_validator_backed) ... ok
test_optional_values_distinguish_omission_from_explicit_values (test_projection.ContractProjectionTest.test_optional_values_distinguish_omission_from_explicit_values) ... ok
test_adapter_rejects_values_outside_strict_json_before_validation (test_semantics.ContractSemanticsTest.test_adapter_rejects_values_outside_strict_json_before_validation) ... ok
test_decode_constructs_from_one_root_validation_proof (test_semantics.ContractSemanticsTest.test_decode_constructs_from_one_root_validation_proof) ... ok
test_json_equality_domains_use_the_selected_validator (test_semantics.ContractSemanticsTest.test_json_equality_domains_use_the_selected_validator) ... ok
test_primitive_composition_object_array_string_and_number_keywords (test_semantics.ContractSemanticsTest.test_primitive_composition_object_array_string_and_number_keywords) ... ok
test_unique_items_covers_every_json_value_family (test_semantics.ContractSemanticsTest.test_unique_items_covers_every_json_value_family) ... ok
test_validation_failures_have_stable_nested_pointers (test_semantics.ContractSemanticsTest.test_validation_failures_have_stable_nested_pointers) ... ok

----------------------------------------------------------------------
Ran 23 tests in 25.339s

OK (skipped=1)
