test_authorization_context_mismatch_is_rejected (test_authority.AnalysisTrustTest.test_authorization_context_mismatch_is_rejected) ... ok
test_authorization_record_is_canonical_and_exactly_bound (test_authority.AnalysisTrustTest.test_authorization_record_is_canonical_and_exactly_bound) ... ok
test_denied_and_missing_authority_remain_distinct (test_authority.AnalysisTrustTest.test_denied_and_missing_authority_remain_distinct) ... ok
test_duplicate_provider_identity_is_rejected (test_authority.AnalysisTrustTest.test_duplicate_provider_identity_is_rejected) ... ok
test_evidence_content_must_match_its_digest (test_authority.AnalysisTrustTest.test_evidence_content_must_match_its_digest) ... ok
test_execution_contract_view_is_order_independent (test_authority.AnalysisTrustTest.test_execution_contract_view_is_order_independent) ... ok
test_addition_requires_semantic_overlay_and_cannot_reuse_tombstone (test_changes.ChangeClassificationTest.test_addition_requires_semantic_overlay_and_cannot_reuse_tombstone) ... ok
test_addition_seeds_policy_and_owner_context (test_changes.ChangeClassificationTest.test_addition_seeds_policy_and_owner_context) ... ok
test_derives_modification_move_addition_and_removal (test_changes.ChangeClassificationTest.test_derives_modification_move_addition_and_removal) ... ok
test_derives_split_and_merge_from_lifecycle_links (test_changes.ChangeClassificationTest.test_derives_split_and_merge_from_lifecycle_links) ... ok
test_derives_unchanged_policy_when_it_seeds_an_affected_graph (test_changes.ChangeClassificationTest.test_derives_unchanged_policy_when_it_seeds_an_affected_graph) ... ok
test_duplicate_change_and_orphan_proposal_are_rejected (test_changes.ChangeClassificationTest.test_duplicate_change_and_orphan_proposal_are_rejected) ... ok
test_explicit_preservation_binds_new_structure_without_advancing_meaning (test_changes.ChangeClassificationTest.test_explicit_preservation_binds_new_structure_without_advancing_meaning) ... ok
test_lifecycle_mismatches_are_rejected (test_changes.ChangeClassificationTest.test_lifecycle_mismatches_are_rejected) ... ok
test_merge_retires_predecessors_and_proposes_exact_successor (test_changes.ChangeClassificationTest.test_merge_retires_predecessors_and_proposes_exact_successor) ... ok
test_modification_rejects_move_and_accepted_revision_mutation (test_changes.ChangeClassificationTest.test_modification_rejects_move_and_accepted_revision_mutation) ... ok
test_module_change_seeds_module_graph_without_inventing_a_policy (test_changes.ChangeClassificationTest.test_module_change_seeds_module_graph_without_inventing_a_policy) ... ok
test_removal_requires_exact_tombstone (test_changes.ChangeClassificationTest.test_removal_requires_exact_tombstone) ... ok
test_removal_requires_tombstone_and_keeps_accepted_policy_seed (test_changes.ChangeClassificationTest.test_removal_requires_tombstone_and_keeps_accepted_policy_seed) ... ok
test_representation_only_change_does_not_claim_semantic_equivalence (test_changes.ChangeClassificationTest.test_representation_only_change_does_not_claim_semantic_equivalence) ... ok
test_same_and_cross_module_moves_select_exact_context (test_changes.ChangeClassificationTest.test_same_and_cross_module_moves_select_exact_context) ... ok
test_semantic_modification_binds_overlay_and_exact_graph_groups (test_changes.ChangeClassificationTest.test_semantic_modification_binds_overlay_and_exact_graph_groups) ... ok
test_semantic_overlay_requires_exact_next_revision_and_structure (test_changes.ChangeClassificationTest.test_semantic_overlay_requires_exact_next_revision_and_structure) ... ok
test_split_retires_predecessor_and_proposes_exact_successors (test_changes.ChangeClassificationTest.test_split_retires_predecessor_and_proposes_exact_successors) ... ok
test_structural_change_without_overlay_remains_unresolved (test_changes.ChangeClassificationTest.test_structural_change_without_overlay_remains_unresolved) ... ok
test_unchanged_unit_is_distinct_from_representation_candidate (test_changes.ChangeClassificationTest.test_unchanged_unit_is_distinct_from_representation_candidate) ... ok
test_wrong_cardinality_and_module_are_rejected (test_changes.ChangeClassificationTest.test_wrong_cardinality_and_module_are_rejected) ... ok
test_consumer_review_tracks_its_consumer_without_suite_fanout (test_coverage.CoverageTest.test_consumer_review_tracks_its_consumer_without_suite_fanout) ... ok
test_current_repository_attestation_is_validated_and_loaded (test_coverage.CoverageTest.test_current_repository_attestation_is_validated_and_loaded) ... ok
test_duplicate_current_repository_attestations_are_rejected (test_coverage.CoverageTest.test_duplicate_current_repository_attestations_are_rejected) ... ok
test_engine_receipt_uses_engine_authority_and_retains_exact_review (test_coverage.CoverageTest.test_engine_receipt_uses_engine_authority_and_retains_exact_review) ... ok
test_horizon_fingerprints_registered_content (test_coverage.CoverageTest.test_horizon_fingerprints_registered_content) ... ok
test_pinned_attestation_rejects_changed_review_or_exclusion_bytes (test_coverage.CoverageTest.test_pinned_attestation_rejects_changed_review_or_exclusion_bytes) ... ok
test_pinned_attestation_rejects_unknown_provider (test_coverage.CoverageTest.test_pinned_attestation_rejects_unknown_provider) ... ok
test_pinned_attestation_remains_bound_to_its_requirement (test_coverage.CoverageTest.test_pinned_attestation_remains_bound_to_its_requirement) ... ok
test_reading_authority_label_does_not_change_coverage (test_coverage.CoverageTest.test_reading_authority_label_does_not_change_coverage) ... ok
test_repository_attestation_rejects_malformed_requirement_id (test_coverage.CoverageTest.test_repository_attestation_rejects_malformed_requirement_id) ... ok
test_repository_attestation_requires_authorized_principal (test_coverage.CoverageTest.test_repository_attestation_requires_authorized_principal) ... ok
test_repository_coverage_grant_can_be_revoked_without_identity_cycle (test_coverage.CoverageTest.test_repository_coverage_grant_can_be_revoked_without_identity_cycle) ... ok
test_selected_input_change_stales_exact_repository_attestation (test_coverage.CoverageTest.test_selected_input_change_stales_exact_repository_attestation) ... ok
test_selected_relationship_changes_only_its_subject_requirement (test_coverage.CoverageTest.test_selected_relationship_changes_only_its_subject_requirement) ... ok
test_selected_suite_input_changes_subject_requirement (test_coverage.CoverageTest.test_selected_suite_input_changes_subject_requirement) ... ok
test_stale_repository_attestation_is_not_current_coverage (test_coverage.CoverageTest.test_stale_repository_attestation_is_not_current_coverage) ... ok
test_unrelated_input_change_preserves_exact_repository_attestation (test_coverage.CoverageTest.test_unrelated_input_change_preserves_exact_repository_attestation) ... ok
test_unrelated_relationship_does_not_change_subject_definition (test_coverage.CoverageTest.test_unrelated_relationship_does_not_change_subject_definition) ... ok
test_unrelated_suite_input_preserves_subject_requirement (test_coverage.CoverageTest.test_unrelated_suite_input_preserves_subject_requirement) ... ok
test_accepted_true_trace_dominates_proposed_unknown_trace (test_impact.ImpactSelectionTest.test_accepted_true_trace_dominates_proposed_unknown_trace) ... ok
test_addition_uses_policy_impact_and_transitive_owner_context_groups (test_impact.ImpactSelectionTest.test_addition_uses_policy_impact_and_transitive_owner_context_groups) ... ok
test_canonical_scope_equality_defines_compatibility (test_impact.ImpactSelectionTest.test_canonical_scope_equality_defines_compatibility) ... ok
test_compatible_policy_selectors_consolidate_independent_of_order (test_impact.ImpactSelectionTest.test_compatible_policy_selectors_consolidate_independent_of_order) ... ok
test_compiled_policy_edge_requires_and_retains_matching_semantics (test_impact.ImpactSelectionTest.test_compiled_policy_edge_requires_and_retains_matching_semantics) ... ok
test_conflicting_review_contract_identity_is_rejected (test_impact.ImpactSelectionTest.test_conflicting_review_contract_identity_is_rejected) ... ok
test_consumer_review_retains_complete_policy_provenance (test_impact.ImpactSelectionTest.test_consumer_review_retains_complete_policy_provenance) ... ok
test_cross_module_move_unions_policy_and_owner_context (test_impact.ImpactSelectionTest.test_cross_module_move_unions_policy_and_owner_context) ... ok
test_exact_fact_values_participate_in_consumer_identity (test_impact.ImpactSelectionTest.test_exact_fact_values_participate_in_consumer_identity) ... ok
test_fact_schema_evolution_rejects_instead_of_guessing (test_impact.ImpactSelectionTest.test_fact_schema_evolution_rejects_instead_of_guessing) ... ok
test_fact_set_from_another_schema_is_rejected (test_impact.ImpactSelectionTest.test_fact_set_from_another_schema_is_rejected) ... ok
test_false_applicability_creates_no_resolution_work (test_impact.ImpactSelectionTest.test_false_applicability_creates_no_resolution_work) ... ok
test_merge_unions_every_predecessor_and_successor_impact (test_impact.ImpactSelectionTest.test_merge_unions_every_predecessor_and_successor_impact) ... ok
test_missing_seed_or_group_is_a_typed_analysis_failure (test_impact.ImpactSelectionTest.test_missing_seed_or_group_is_a_typed_analysis_failure) ... ok
test_modification_unions_accepted_and_proposed_edges_with_both_traces (test_impact.ImpactSelectionTest.test_modification_unions_accepted_and_proposed_edges_with_both_traces) ... ok
test_only_material_unknown_facts_create_resolution_work (test_impact.ImpactSelectionTest.test_only_material_unknown_facts_create_resolution_work) ... ok
test_policy_unit_source_registers_active_alias_and_retired_identity (test_impact.ImpactSelectionTest.test_policy_unit_source_registers_active_alias_and_retired_identity) ... ok
test_relationship_addition_and_removal_both_require_review (test_impact.ImpactSelectionTest.test_relationship_addition_and_removal_both_require_review) ... ok
test_removal_traverses_only_accepted_policy_impact (test_impact.ImpactSelectionTest.test_removal_traverses_only_accepted_policy_impact) ... ok
test_review_contract_identity_defines_compatibility (test_impact.ImpactSelectionTest.test_review_contract_identity_defines_compatibility) ... ok
test_scope_and_contract_changes_each_change_obligation_identity (test_impact.ImpactSelectionTest.test_scope_and_contract_changes_each_change_obligation_identity) ... ok
test_split_unions_predecessor_and_every_successor_impact (test_impact.ImpactSelectionTest.test_split_unions_predecessor_and_every_successor_impact) ... ok
test_unknown_applicability_creates_one_exact_fact_requirement (test_impact.ImpactSelectionTest.test_unknown_applicability_creates_one_exact_fact_requirement) ... ok
test_added_normative_module_requires_whole_artifact_review (test_obligations.UnmappedNormativeObligationTest.test_added_normative_module_requires_whole_artifact_review) ... ok
test_mapped_policy_change_does_not_create_unmapped_obligation (test_obligations.UnmappedNormativeObligationTest.test_mapped_policy_change_does_not_create_unmapped_obligation) ... ok
test_omitted_changed_policy_descriptor_cannot_silently_pass (test_obligations.UnmappedNormativeObligationTest.test_omitted_changed_policy_descriptor_cannot_silently_pass) ... ok
test_reference_only_change_does_not_create_normative_obligation (test_obligations.UnmappedNormativeObligationTest.test_reference_only_change_does_not_create_normative_obligation) ... ok
test_unmapped_decision_contract_matches_public_schema (test_obligations.UnmappedNormativeObligationTest.test_unmapped_decision_contract_matches_public_schema) ... ok
test_unmapped_document_change_creates_mandatory_whole_artifact_obligation (test_obligations.UnmappedNormativeObligationTest.test_unmapped_document_change_creates_mandatory_whole_artifact_obligation) ... ok
test_cause_changes_change_projection_and_missing_authority_rejects (test_reading.ReadingPlanCompilerTest.test_cause_changes_change_projection_and_missing_authority_rejects) ... ok
test_compatible_obligations_collapse_to_plural_references (test_reading.ReadingPlanCompilerTest.test_compatible_obligations_collapse_to_plural_references) ... ok
test_entry_rejects_noncanonical_or_duplicate_causes (test_reading.ReadingPlanCompilerTest.test_entry_rejects_noncanonical_or_duplicate_causes) ... ok
test_every_dependency_edge_and_direct_cause_is_retained (test_reading.ReadingPlanCompilerTest.test_every_dependency_edge_and_direct_cause_is_retained) ... ok
test_exact_scope_and_state_rules_are_mechanical (test_reading.ReadingPlanCompilerTest.test_exact_scope_and_state_rules_are_mechanical) ... ok
test_activity_prerequisites_do_not_invent_publication_or_history_work (test_routing.RouterProjectionTest.test_activity_prerequisites_do_not_invent_publication_or_history_work) ... ok
test_canonical_guidance_links_resolve_current_headings (test_routing.RouterProjectionTest.test_canonical_guidance_links_resolve_current_headings) ... ok
test_detail_pages_are_selected_from_the_affected_decision (test_routing.RouterProjectionTest.test_detail_pages_are_selected_from_the_affected_decision) ... ok
test_every_normative_module_has_an_executable_route (test_routing.RouterProjectionTest.test_every_normative_module_has_an_executable_route) ... ok
test_missing_detail_facts_remain_unknown (test_routing.RouterProjectionTest.test_missing_detail_facts_remain_unknown) ... ok
test_projection_rejects_target_drift_from_router_tables (test_routing.RouterProjectionTest.test_projection_rejects_target_drift_from_router_tables) ... ok
test_repository_and_frozen_sources_produce_equal_projection (test_routing.RouterProjectionTest.test_repository_and_frozen_sources_produce_equal_projection) ... ok
test_repository_projection_compiles_registered_modules_and_programs (test_routing.RouterProjectionTest.test_repository_projection_compiles_registered_modules_and_programs) ... ok
test_rust_crossings_select_language_specific_safety (test_routing.RouterProjectionTest.test_rust_crossings_select_language_specific_safety) ... ok
test_small_rust_fix_omits_specialized_decisions (test_routing.RouterProjectionTest.test_small_rust_fix_omits_specialized_decisions) ... ok
test_ui_text_and_api_changes_do_not_invent_unrelated_concerns (test_routing.RouterProjectionTest.test_ui_text_and_api_changes_do_not_invent_unrelated_concerns) ... ok
test_analysis_aggregate_declares_exact_snapshot_roots (test_state.AnalysisStateTest.test_analysis_aggregate_declares_exact_snapshot_roots) ... ok
test_conflicting_decisions_cannot_share_one_state (test_state.AnalysisStateTest.test_conflicting_decisions_cannot_share_one_state) ... ok
test_decision_order_does_not_change_identity (test_state.AnalysisStateTest.test_decision_order_does_not_change_identity) ... ok
test_different_decision_evidence_changes_identity (test_state.AnalysisStateTest.test_different_decision_evidence_changes_identity) ... ok
test_malformed_current_state_is_invalid (test_state.AnalysisStateTest.test_malformed_current_state_is_invalid) ... ok
test_obsolete_snapshot_only_state_is_unsupported (test_state.AnalysisStateTest.test_obsolete_snapshot_only_state_is_unsupported) ... ok
test_projected_revision_is_identity_bound_and_depends_on_its_base (test_state.AnalysisStateTest.test_projected_revision_is_identity_bound_and_depends_on_its_base) ... ok
test_round_trip_preserves_canonical_identity (test_state.AnalysisStateTest.test_round_trip_preserves_canonical_identity) ... ok
test_well_formed_future_state_is_unsupported (test_state.AnalysisStateTest.test_well_formed_future_state_is_unsupported) ... ok

----------------------------------------------------------------------
Ran 100 tests in 0.724s

OK
