test_cold_reopen_and_closed_store_copy_reconstruct_exact_values (test_module.SnapshotModuleTests.test_cold_reopen_and_closed_store_copy_reconstruct_exact_values) ... ok
test_equal_content_roots_have_independent_lifecycle_and_discovery (test_module.SnapshotModuleTests.test_equal_content_roots_have_independent_lifecycle_and_discovery) ... ok
test_equal_content_with_nested_paths_can_be_recaptured_after_reopen (test_module.SnapshotModuleTests.test_equal_content_with_nested_paths_can_be_recaptured_after_reopen) ... ok
test_expired_snapshot_id_cannot_be_reused (test_module.SnapshotModuleTests.test_expired_snapshot_id_cannot_be_reused) ... ok
test_keyset_pagination_uses_opaque_snapshot_continuation (test_module.SnapshotModuleTests.test_keyset_pagination_uses_opaque_snapshot_continuation) ... ok
test_multi_root_aggregate_is_unavailable_and_cascades_as_one_value (test_module.SnapshotModuleTests.test_multi_root_aggregate_is_unavailable_and_cascades_as_one_value) ... ok
test_nested_domain_values_reject_ambiguous_or_wrong_types (test_module.SnapshotModuleTests.test_nested_domain_values_reject_ambiguous_or_wrong_types) ... ok
test_snapshot_id_collision_rejects_without_aliasing_content (test_module.SnapshotModuleTests.test_snapshot_id_collision_rejects_without_aliasing_content) ... ok
test_aggregate_publication_can_require_an_exact_current_root_head (test_store.SnapshotStoreTests.test_aggregate_publication_can_require_an_exact_current_root_head) ... ok
test_aggregate_publication_is_idempotent_but_contradiction_rejects (test_store.SnapshotStoreTests.test_aggregate_publication_is_idempotent_but_contradiction_rejects) ... ok
test_aggregate_root_head_advances_once_and_rejects_a_stale_writer (test_store.SnapshotStoreTests.test_aggregate_root_head_advances_once_and_rejects_a_stale_writer) ... ok
test_equal_content_roots_share_content_until_the_last_root_expires (test_store.SnapshotStoreTests.test_equal_content_roots_share_content_until_the_last_root_expires) ... ok
test_failed_new_store_initialization_removes_owned_staging_file (test_store.SnapshotStoreTests.test_failed_new_store_initialization_removes_owned_staging_file) ... ok
test_guarded_aggregate_set_is_atomic_and_rejects_a_stale_head (test_store.SnapshotStoreTests.test_guarded_aggregate_set_is_atomic_and_rejects_a_stale_head) ... ok
test_interrupted_aggregate_root_advance_rolls_back_record_and_head (test_store.SnapshotStoreTests.test_interrupted_aggregate_root_advance_rolls_back_record_and_head) ... ok
test_interrupted_purge_rolls_back_root_aggregate_and_tombstone (test_store.SnapshotStoreTests.test_interrupted_purge_rolls_back_root_aggregate_and_tombstone) ... ok
test_interrupted_version_one_migration_rolls_back_every_change (test_store.SnapshotStoreTests.test_interrupted_version_one_migration_rolls_back_every_change) ... ok
test_invalid_database_and_unsupported_path_are_rejected (test_store.SnapshotStoreTests.test_invalid_database_and_unsupported_path_are_rejected) ... ok
test_invalid_existing_store_is_not_configured_before_rejection (test_store.SnapshotStoreTests.test_invalid_existing_store_is_not_configured_before_rejection) ... ok
test_invalid_version_one_authority_is_not_migrated (test_store.SnapshotStoreTests.test_invalid_version_one_authority_is_not_migrated) ... ok
test_quarantined_root_blocks_new_aggregate_publication (test_store.SnapshotStoreTests.test_quarantined_root_blocks_new_aggregate_publication) ... ok
test_snapshot_material_rows_reject_updates (test_store.SnapshotStoreTests.test_snapshot_material_rows_reject_updates) ... ok
test_version_one_store_migrates_transactionally_without_changing_a1c_rows (test_store.SnapshotStoreTests.test_version_one_store_migrates_transactionally_without_changing_a1c_rows) ... ok

----------------------------------------------------------------------
Ran 23 tests in 0.093s

OK
