identity_frame_0 0.36905392599987863
identity_encode_0 2.231484591000026
identity_complete_hash_0 2.5857570539999415
sha256_encoded_bytes_only_0 0.007950331000074584
identity_frame_1 0.35401243299997986
identity_encode_1 2.2429746459999933
identity_complete_hash_1 2.696598586999926
sha256_encoded_bytes_only_1 0.007304564000151004
identity_frame_2 0.35681533899992246
identity_encode_2 2.1984263070000907
identity_complete_hash_2 2.6266955009998583
sha256_encoded_bytes_only_2 0.0077280129999053315
fresh_python_cli_read_0 5.428453769000043
fresh_python_cli_read_1 5.576949112999955
fresh_python_cli_read_2 5.486088176000067
two_concurrent_process_reads_same_store 6.046019085000125
mcp_tools_list_0 0.0067488999998204235
mcp_0_read_0 3.2786033370000496
mcp_0_read_1 3.168428525000081
mcp_0_read_2 3.219450044000041
mcp_read_with_implicit_new_capture 19.54023097199979
mcp_tools_list_1 0.0064831249997041596
mcp_1_read_0 3.328401692999705
mcp_1_read_1 3.2245606900000894
mcp_1_read_2 3.3500822969999717
FOLLOWUP COMPLETE
